/opt/litmus-tests-riscv/tests/non-mixed-size/RELAX/Rfi/S+poprl-rfirlp-addr+ctrl-rfi-addr.litmus
/opt/litmus-tests-riscv/tests/to-AArch64/RV+2+2W+rfi-addr+rfi-data.litmus
/opt/litmus-tests-riscv/tests/to-AArch64/RV+IRRWIW+addr+ctrlfencei.litmus
/opt/litmus-tests-riscv/tests/non-mixed-size/RELAX/Rfi/S+rfi-data+data-rfi-ctrl.litmus
/opt/litmus-tests-riscv/tests/non-mixed-size/SAFE/SB+[ws-poprl-rf]rlp+fence.rw.rw.litmus
/opt/litmus-tests-riscv/tests/non-mixed-size/SF_THESIS/CO/SB+poss.litmus
/opt/litmus-tests-riscv/tests/non-mixed-size/CO/CoRR.litmus
/opt/litmus-tests-riscv/tests/non-mixed-size/SAFE/LB+[fr-fence.w.w-ws]+data.litmus
/opt/litmus-tests-riscv/tests/non-mixed-size/RELAX/Fence.idRW/LB+fence.i+addr.litmus
/opt/litmus-tests-riscv/tests/non-mixed-size/SAFE/ISA2+fence.rw.rw+poprl+fence.r.rws.litmus
/opt/litmus-tests-riscv/tests/non-mixed-size/SF_THESIS/BASIC/Z6.3+fence.rw.rw+po+po.litmus
/opt/litmus-tests-riscv/tests/to-AArch64/RV+Z6.2+fence.rw.rw+data+fence.r.rw.litmus
/opt/litmus-tests-riscv/tests/non-mixed-size/SAFE/LB+addr+poaqp-[rf-fr].litmus
/opt/litmus-tests-riscv/tests/non-mixed-size/SAFE/3.LB+fence.r.rw+ctrlfencei+addr.litmus
/opt/litmus-tests-riscv/tests/non-mixed-size/SAFE/Z6.2+fence.rw.rw+ctrl+ctrlfencei.litmus
/opt/litmus-tests-riscv/tests/to-AArch64/RV+3.LB+addr+data+ctrl.litmus
/opt/litmus-tests-riscv/tests/non-mixed-size/RELAX/Rfi/MP+poprl-rfirlp-addr+ctrlfencei-rfi.litmus
/opt/litmus-tests-riscv/tests/non-mixed-size/SAFE/LB+addr-[rf-fr]+ctrlfencei.litmus
/opt/litmus-tests-riscv/tests/non-mixed-size/RELAX/Rfi/LB+addr-rfi-data+data-rfi-ctrl.litmus
/opt/litmus-tests-riscv/tests/to-AArch64/RV+MP+fence.w.w+ctrl-rfi-ctrlfenceis.litmus
/opt/litmus-tests-riscv/tests/to-AArch64/RV+LB+ctrlfencei+ctrlfencei-rfi-data.litmus
/opt/litmus-tests-riscv/tests/non-mixed-size/RELAX/Rfi/R+poprl-rfirlp-ctrl+rfi-ctrlfencei.litmus
/opt/litmus-tests-riscv/tests/non-mixed-size/RELAX/Rfi/R+fence.rw.w+rfi-addr-rfi.litmus
/opt/litmus-tests-riscv/tests/non-mixed-size/SAFE/S+poprl+[fr-rf]paq-poaqp.litmus
/opt/litmus-tests-riscv/tests/non-mixed-size/SAFE/LB+fence.r.rw-[fr-ws]+fence.rw.rw.litmus
/opt/litmus-tests-riscv/tests/non-mixed-size/SAFE/S+fence.rw.w+fence.rw.rw.litmus
/opt/litmus-tests-riscv/tests/non-mixed-size/SAFE/Z6.2+fence.w.w+addr+data.litmus
/opt/litmus-tests-riscv/tests/to-AArch64/RV+3.LB+fence.rw.rw+fence.rw.rw+pos.litmus
/opt/litmus-tests-riscv/tests/non-mixed-size/RELAX/Rfi/MP+poprl-rfirlp-data+fence.r.rw.litmus
/opt/litmus-tests-riscv/tests/non-mixed-size/SAFE/WWC+fence.rw.w+poaqp.litmus
/opt/litmus-tests-riscv/tests/non-mixed-size/RELAX/Rfi/MP+fence.w.w+addr-rfi-addrs.litmus
/opt/litmus-tests-riscv/tests/non-mixed-size/RELAX/Rfi/SB+rfi-addr+rfipaq-poaqp.litmus
/opt/litmus-tests-riscv/tests/non-mixed-size/RELAX/Rfi/R+rfi-addr+poprl-rfirlp.litmus
/opt/litmus-tests-riscv/tests/non-mixed-size/RELAX/PodWR/SB+fence.rw.rw+poprl-porlp-addr.litmus
/opt/litmus-tests-riscv/tests/non-mixed-size/RELAX/Rfi/LB+data-rfi-datas.litmus
/opt/litmus-tests-riscv/tests/non-mixed-size/SF_THESIS/BASIC/WRW+2W+ctrl+fence.rw.rw.litmus
/opt/litmus-tests-riscv/tests/non-mixed-size/SAFE/S+poprl+[fr-rf]-fence.r.rw.litmus
/opt/litmus-tests-riscv/tests/non-mixed-size/RELAX/Rfi/R+poprl-rfirlp-ctrlfencei+rfipaq-poaqp.litmus
/opt/litmus-tests-riscv/tests/to-AArch64/RV+ISA2+fence.rw.rw+data+fence.rw.rws.litmus
/opt/litmus-tests-riscv/tests/non-mixed-size/ATOMICS/CO/WWC+fence.rw.rws+posxp.litmus
/opt/litmus-tests-riscv/tests/non-mixed-size/RELAX/Rfi/SB+rfi-data-rfi+poprl-rfirlp-addr.litmus
/opt/litmus-tests-riscv/tests/non-mixed-size/RELAX/Rfi/MP+poprl-rfirlp-ctrlfencei+data-rfipaq-posaqp.litmus
/opt/litmus-tests-riscv/tests/to-AArch64/RV+IRIW+fence.rw.rws.litmus
/opt/litmus-tests-riscv/tests/non-mixed-size/ATOMICS/CO/R+pospx+posxp.litmus
/opt/litmus-tests-riscv/tests/non-mixed-size/RELAX/Rfi/R+rfi-ctrlfencei+rfi-ctrl-rfi.litmus
/opt/litmus-tests-riscv/tests/non-mixed-size/FENCE.TSO/2/SB+fence.tsopxs.litmus
/opt/litmus-tests-riscv/tests/non-mixed-size/SAFE/ISA2+poprl+addr+addrs.litmus
/opt/litmus-tests-riscv/tests/to-AArch64/RV+LB+popxs.litmus
/opt/litmus-tests-riscv/tests/non-mixed-size/ATOMICS/CO/CoRR+posxx.litmus
/opt/litmus-tests-riscv/tests/to-AArch64/RV+MP+pos-rfi-ctrl+data-rfi-addr.litmus
/opt/litmus-tests-riscv/tests/non-mixed-size/AMO_X0_2_THREAD/MP+po+poaqp+NEW.litmus
/opt/litmus-tests-riscv/tests/non-mixed-size/RELAX/Rfi/MP+poprl-rfirlp-addr+addr-rfi-ctrlfencei.litmus
/opt/litmus-tests-riscv/tests/non-mixed-size/SF_THESIS/BASIC/WRR+2W+addr+fence.rw.rw.litmus
/opt/litmus-tests-riscv/tests/non-mixed-size/RELAX/PosWR/SB+poprl-posrlp-addrs+poprl-posrlp-addr.litmus
/opt/litmus-tests-riscv/tests/non-mixed-size/RELAX/Fri-Rfi/S+fence.rw.rw+fri-rfi-data.litmus
/opt/litmus-tests-riscv/tests/non-mixed-size/SAFE/LB+data+poprl-[rfrlp-fr].litmus
/opt/litmus-tests-riscv/tests/to-AArch64/RV+LB+[fr-fence.w.w-ws]+ctrlfencei.litmus
/opt/litmus-tests-riscv/tests/non-mixed-size/RELAX/PodWRRlAq/R+fence.rw.w+porlaq-addraqp.litmus
/opt/litmus-tests-riscv/tests/non-mixed-size/RELAX/Rfi/LB+addr+data-rfi-ctrl.litmus
/opt/litmus-tests-riscv/tests/non-mixed-size/SAFE/3.LB+fence.rw.rw+fence.rw.rw+poaqp.litmus
/opt/litmus-tests-riscv/tests/non-mixed-size/RELAX/PosWR/R+poprl+pos-addr.litmus
/opt/litmus-tests-riscv/tests/non-mixed-size/SAFE/S+fence.w.w-[rf-fr]+poprl.litmus
/opt/litmus-tests-riscv/tests/non-mixed-size/ATOMICS/CO/CoRW2+X.litmus
/opt/litmus-tests-riscv/tests/non-mixed-size/RELAX/Rfi/R+poprl-rfirlp-ctrlfencei+poprl-rfirlp-addr.litmus
/opt/litmus-tests-riscv/tests/non-mixed-size/SAFE/ISA2+fence.w.w+pos+ctrlfencei.litmus
/opt/litmus-tests-riscv/tests/non-mixed-size/RELAX/PodWRRlAq/SB+posprl-porlaq-addrsaqp+poprl-porlaq-addraqp.litmus
/opt/litmus-tests-riscv/tests/non-mixed-size/SAFE/Z6.2+fence.rw.w+pos+fence.rw.rw.litmus
/opt/litmus-tests-riscv/tests/non-mixed-size/HAND/ISA-MP-DEP-SUCCESS.litmus
/opt/litmus-tests-riscv/tests/non-mixed-size/RELAX/Rfi/LB+poprl+addr-rfi-ctrl.litmus
/opt/litmus-tests-riscv/tests/non-mixed-size/RELAX/PodWRRlAq/R+fence.rw.w+poprl-porlaq-ctrlfenceiaqp.litmus
/opt/litmus-tests-riscv/tests/non-mixed-size/CO/2+2W+fence.rw.rws+pos.litmus
/opt/litmus-tests-riscv/tests/non-mixed-size/SAFE/3.LB+fence.r.rw+ctrl+ctrl.litmus
/opt/litmus-tests-riscv/tests/to-AArch64/RV+Z6.2+fence.w.w+ctrlfencei+fence.r.rw.litmus
/opt/litmus-tests-riscv/tests/non-mixed-size/SF_THESIS/CO/SB+fence.rw.rws+pos.litmus
/opt/litmus-tests-riscv/tests/to-AArch64/RV+S+fence.w.w-[rf-fr]+fence.rw.rw.litmus
/opt/litmus-tests-riscv/tests/non-mixed-size/SAFE/MP+fence.rw.w-[rf-fr]+fence.r.rw.litmus
/opt/litmus-tests-riscv/tests/non-mixed-size/RELAX/PodWW/2+2W+fence.rw.rw+po.litmus
/opt/litmus-tests-riscv/tests/to-AArch64/RV+RWC+addr+fence.rw.rw.litmus
/opt/litmus-tests-riscv/tests/non-mixed-size/RELAX/Coi-Rfi/MP+fence.rw.rw+ctrl-wsi-rfi-addr.litmus
/opt/litmus-tests-riscv/tests/non-mixed-size/RELAX/Rfi/S+poprl-rfirlp-data+ctrlfencei-rfi-data.litmus
/opt/litmus-tests-riscv/tests/non-mixed-size/SF_THESIS/BASIC/Z6.1+fence.rw.rw+po+ctrl.litmus
/opt/litmus-tests-riscv/tests/to-AArch64/RV+S+fence.w.w+ctrlfencei-rfi-data.litmus
/opt/litmus-tests-riscv/tests/non-mixed-size/SAFE/S+poprl-[rfrlp-fr]+fence.rw.rw.litmus
/opt/litmus-tests-riscv/tests/to-AArch64/RV+ISA2+fence.w.w+ctrlfencei+fence.rw.rw.litmus
/opt/litmus-tests-riscv/tests/non-mixed-size/ATOMICS/SAFE_PosWRXAq/WRW+WR+fence.r.rw+posxaq-addraqp.litmus
/opt/litmus-tests-riscv/tests/to-AArch64/RV+Luc03+BIS.litmus
/opt/litmus-tests-riscv/tests/non-mixed-size/SAFE/S+[rf-ctrlfencei-ws]+fence.rw.w.litmus
/opt/litmus-tests-riscv/tests/to-AArch64/RV+MP+rfi-ctrlfencei+data-rfi.litmus
/opt/litmus-tests-riscv/tests/to-AArch64/RV+S+fence.w.w+addr-rfi-data.litmus
/opt/litmus-tests-riscv/tests/non-mixed-size/RELAX/Rfi/S+fence.w.w+addr-rfi-ctrl.litmus
/opt/litmus-tests-riscv/tests/non-mixed-size/HAND/ISA-LB-DEP-ADDR2-SUCCESS.litmus
/opt/litmus-tests-riscv/tests/non-mixed-size/SAFE/3.LB+ctrlfencei+pos+poaqp.litmus
/opt/litmus-tests-riscv/tests/non-mixed-size/RELAX/Rfi/SB+rfi-data-rfi+poprl-rfirlp-ctrlfencei.litmus
/opt/litmus-tests-riscv/tests/non-mixed-size/RELAX/PodWR/SB+pos-po-ctrlfenceiss.litmus
/opt/litmus-tests-riscv/tests/non-mixed-size/ATOMICS/CO/S+fence.rw.rws+fence.rw.rwsxp.litmus
/opt/litmus-tests-riscv/tests/non-mixed-size/RELAX/Rfi/MP+fence.rw.rw+addr-rfi-ctrlfencei.litmus
/opt/litmus-tests-riscv/tests/to-AArch64/RV+SB+[rf-fence.r.rw-rf]+fence.rw.rw.litmus
/opt/litmus-tests-riscv/tests/non-mixed-size/SAFE/Z6.2+poprl+fence.rw.w+ctrl.litmus
/opt/litmus-tests-riscv/tests/non-mixed-size/SAFE/ISA2+fence.rw.rw+data+addrs.litmus
/opt/litmus-tests-riscv/tests/to-AArch64/RV+S+rfi-addr+ctrlfencei-rfi-ctrl.litmus
/opt/litmus-tests-riscv/tests/non-mixed-size/RELAX/PodWWRlP/2+2W+fence.w.w+porlp.litmus
/opt/litmus-tests-riscv/tests/non-mixed-size/RELAX/Rfi/LB+data-rfi-data+data-rfi-ctrl.litmus
/opt/litmus-tests-riscv/tests/non-mixed-size/SAFE/Z6.4+fence.rw.w+fence.rw.rw+fence.rw.rw.litmus
/opt/litmus-tests-riscv/tests/non-mixed-size/RELAX/Rfi/LB+data-rfi-data+ctrl-rfi-ctrl.litmus
/opt/litmus-tests-riscv/tests/non-mixed-size/SF_THESIS/BASIC/Z6.1+po+po+addr.litmus
/opt/litmus-tests-riscv/tests/non-mixed-size/RELAX/PodWRPAq/SB+poprl-porlaq+poprl-porlaq-ctrlfenceiaqp.litmus
/opt/litmus-tests-riscv/tests/non-mixed-size/RELAX/PodWRPAq/SB+popaq-ctrlfenceiaqp+poprl-porlaq-ctrlfenceiaqp.litmus
/opt/litmus-tests-riscv/tests/to-AArch64/RV+LB+addr+ctrl-wsi-rfi-data.litmus
/opt/litmus-tests-riscv/tests/non-mixed-size/RELAX/PodWRRlP/SB+posprl-porlp-ctrlfencei+poprl-porlaq-poaqp.litmus
/opt/litmus-tests-riscv/tests/non-mixed-size/SAFE/ISA2+fence.rw.w+ctrlfencei+addr.litmus
/opt/litmus-tests-riscv/tests/non-mixed-size/SAFE/Z6.2+fence.rw.rw+addr+poprl.litmus
/opt/litmus-tests-riscv/tests/non-mixed-size/SAFE/WRW+2W+ctrlfencei+fence.rw.w.litmus
/opt/litmus-tests-riscv/tests/non-mixed-size/RELAX/Rfi/MP+rfi-addr+ctrlfencei-rfi-ctrlfenceis.litmus
/opt/litmus-tests-riscv/tests/non-mixed-size/SAFE/WRW+2W+fence.rw.rw+fence.w.w.litmus
/opt/litmus-tests-riscv/tests/non-mixed-size/RELAX/PodWR/SB+po-ctrlfenceis+poprl-porlp-addrs.litmus
/opt/litmus-tests-riscv/tests/non-mixed-size/RELAX/PodWRRlP/SB+fence.rw.rw+poprl-porlaq-poaqp.litmus
/opt/litmus-tests-riscv/tests/non-mixed-size/RELAX/Rfi/R+poprl-rfirlp-addr+rfipaq-poaqp.litmus
/opt/litmus-tests-riscv/tests/non-mixed-size/RELAX/Fence.r.rwdWW/MP+fence.r.rw+addr.litmus
/opt/litmus-tests-riscv/tests/non-mixed-size/RELAX/PodWRRlAq/R+poprl+porlaq-addrsaqp.litmus
/opt/litmus-tests-riscv/tests/non-mixed-size/SAFE/MP+fence.rw.w-[rf-fr]+addr.litmus
/opt/litmus-tests-riscv/tests/non-mixed-size/SAFE/ISA2+pos+poaqp+fence.r.rw.litmus
/opt/litmus-tests-riscv/tests/non-mixed-size/RELAX/Rfi/MP+pos-rfi-ctrlfencei+fence.r.rw.litmus
/opt/litmus-tests-riscv/tests/non-mixed-size/SF_THESIS/BASIC/Z6.2+fence.rw.rw+ctrlfencei+po.litmus
/opt/litmus-tests-riscv/tests/non-mixed-size/SAFE/LB+fence.r.rw+data.litmus
/opt/litmus-tests-riscv/tests/non-mixed-size/RELAX/Rfi/MP+rfi-ctrl+addr-rfi-addr.litmus
/opt/litmus-tests-riscv/tests/non-mixed-size/RELAX/Rfi/S+rfi-ctrlfencei+poaqp.litmus
/opt/litmus-tests-riscv/tests/non-mixed-size/ATOMICS/CO/LB+fence.rw.rwsxx+posxx.litmus
/opt/litmus-tests-riscv/tests/to-AArch64/RV+3.LB+data+data+ctrl.litmus
/opt/litmus-tests-riscv/tests/non-mixed-size/SAFE/Z6.2+fence.w.w+fence.rw.w+data.litmus
/opt/litmus-tests-riscv/tests/non-mixed-size/RELAX/PodWRPAq/SB+popaq-addrsaqp+poprl-porlaq-ctrlfenceisaqp.litmus
/opt/litmus-tests-riscv/tests/to-AArch64/RV+LB+fence.rw.rw+data-rfi-ctrl.litmus
/opt/litmus-tests-riscv/tests/non-mixed-size/ATOMICS/CO/RWC+pos+fence.rw.rwspx.litmus
/opt/litmus-tests-riscv/tests/non-mixed-size/SAFE/Z6.2+fence.w.w+fence.rw.w+fence.r.rw.litmus
/opt/litmus-tests-riscv/tests/non-mixed-size/SAFE/MP+fence.w.w-[rf-fr]+ctrlfencei.litmus
/opt/litmus-tests-riscv/tests/to-AArch64/RV+R+fence.rw.rws.litmus
/opt/litmus-tests-riscv/tests/to-AArch64/RV+Z6.0+fence.w.w+fence.rw.rw+fence.rw.rw.litmus
/opt/litmus-tests-riscv/tests/non-mixed-size/RELAX/Rfi/MP+poprl-rfirlp-data+addr-rfi-ctrlfenceis.litmus
/opt/litmus-tests-riscv/tests/non-mixed-size/SAFE/S+fence.rw.rw-[fr-ws]+addr.litmus
/opt/litmus-tests-riscv/tests/non-mixed-size/RELAX/PodWRRlAq/SB+poprl-porlaq-ctrlfenceisaqp+poprl-porlaq-ctrlfenceiaqp.litmus
/opt/litmus-tests-riscv/tests/non-mixed-size/AMO_X0_2_THREAD/R+popar+poarp+NEW.litmus
/opt/litmus-tests-riscv/tests/to-AArch64/RV+S+rfi-data+data-rfi-data.litmus
/opt/litmus-tests-riscv/tests/to-AArch64/RV+SB+[ws-rf]-fence.r.rw+fence.rw.rw.litmus
/opt/litmus-tests-riscv/tests/non-mixed-size/SF_THESIS/BASIC/3.LB+fence.rw.rw+ctrl+ctrlfencei.litmus
/opt/litmus-tests-riscv/tests/non-mixed-size/SAFE/Z6.1+fence.rw.w+fence.rw.rw+fence.rw.rw.litmus
/opt/litmus-tests-riscv/tests/non-mixed-size/SAFE/MP+fence.rw.rw+poaqp-[fr-rf].litmus
/opt/litmus-tests-riscv/tests/non-mixed-size/SAFE/3.LB+addr+addr+poaqp.litmus
/opt/litmus-tests-riscv/tests/non-mixed-size/ATOMICS/CO/2+2W+fence.rw.rwspx+posxp.litmus
/opt/litmus-tests-riscv/tests/to-AArch64/RV+S+po+ctrlfencei.litmus
/opt/litmus-tests-riscv/tests/non-mixed-size/RELAX/PodWRPAq/SB+pos-popaq-posaqp+poprl-porlaq-poaqp.litmus
/opt/litmus-tests-riscv/tests/to-AArch64/RV+MP+rfi-ctrlfencei+addr-rfi-addr.litmus
/opt/litmus-tests-riscv/tests/non-mixed-size/RELAX/PodWRRlAq/R+poprl+porlaq.litmus
/opt/litmus-tests-riscv/tests/non-mixed-size/ATOMICS/CO/2+2W+pospx+posxp.litmus
/opt/litmus-tests-riscv/tests/non-mixed-size/ATOMICS/CO/2+2W+fence.rw.rwsxxs.litmus
/opt/litmus-tests-riscv/tests/to-AArch64/RV+MP+rfi-addr+addr.litmus
/opt/litmus-tests-riscv/tests/to-AArch64/RV+S+rfi-ctrlfencei+data-rfi-addr.litmus
/opt/litmus-tests-riscv/tests/non-mixed-size/SAFE/3.LB+fence.rw.w+addr+fence.rw.rw.litmus
/opt/litmus-tests-riscv/tests/non-mixed-size/RELAX/PodWR/SB+popaq-poaqp+poprl-porlaq-poaqp.litmus
/opt/litmus-tests-riscv/tests/to-AArch64/RV+MP+[ws-rf]-addr+addr.litmus
/opt/litmus-tests-riscv/tests/non-mixed-size/SAFE/ISA2+fence.rw.rw+fence.rw.w+fence.r.rws.litmus
/opt/litmus-tests-riscv/tests/non-mixed-size/RELAX/PodWR/SB+fence.rw.rw+poprl-porlp.litmus
/opt/litmus-tests-riscv/tests/non-mixed-size/RELAX/PodWR/SB+pos-po-ctrlfenceis+poprl-porlp-addrs.litmus
/opt/litmus-tests-riscv/tests/to-AArch64/RV+Z6.2+fence.w.w+pos+ctrl.litmus
/opt/litmus-tests-riscv/tests/non-mixed-size/RELAX/Fri-Rfi/LB+fence.rw.rw+addr-fri-rfi-ctrl.litmus
/opt/litmus-tests-riscv/tests/non-mixed-size/RELAX/PosWR/R+poprl+poprl-posrlaq-poaqp.litmus
/opt/litmus-tests-riscv/tests/non-mixed-size/RELAX/Rfi/MP+poprl-rfirlp-ctrlfencei+ctrlfencei-rfi.litmus
/opt/litmus-tests-riscv/tests/non-mixed-size/ATOMICS/CO/SB+fence.rw.rwsxxs.litmus
/opt/litmus-tests-riscv/tests/to-AArch64/RV+LB+fence.r.rw+fence.rw.rw-[rf-fr].litmus
/opt/litmus-tests-riscv/tests/non-mixed-size/SAFE/ISA2+poprl+poprl+fence.rw.rw.litmus
/opt/litmus-tests-riscv/tests/non-mixed-size/SAFE/IRRWIW+fence.rw.rw+fence.rw.w.litmus
/opt/litmus-tests-riscv/tests/non-mixed-size/RELAX/PodWR/SB+po-addr+poprl-porlp-addr.litmus
/opt/litmus-tests-riscv/tests/non-mixed-size/SAFE/S+fence.w.w+[fr-rf]-ctrl.litmus
/opt/litmus-tests-riscv/tests/non-mixed-size/RELAX/PosWR/SB+poprl-posrlp-addrs+poprl-posrlaq-posaqp.litmus
/opt/litmus-tests-riscv/tests/non-mixed-size/SAFE/Z6.3+fence.w.w+fence.w.w+ctrlfenceis.litmus
/opt/litmus-tests-riscv/tests/non-mixed-size/SAFE/3.LB+fence.rw.w+fence.rw.w+poprl.litmus
/opt/litmus-tests-riscv/tests/non-mixed-size/SAFE/LB+fence.rw.rw+addr.litmus
/opt/litmus-tests-riscv/tests/non-mixed-size/SF_THESIS/BASIC/LB+addr+ctrlfencei.litmus
/opt/litmus-tests-riscv/tests/non-mixed-size/RELAX/Rfi/MP+pos-rfi-data+ctrl-rfi-addr.litmus
/opt/litmus-tests-riscv/tests/non-mixed-size/ATOMICS/CO/CoRR+pospx.litmus
/opt/litmus-tests-riscv/tests/non-mixed-size/AMO_X0_2_THREAD/2+2W+poarps+NEW.litmus
/opt/litmus-tests-riscv/tests/to-AArch64/RV+MP+rfi-addr+data-rfi-ctrlfencei.litmus
/opt/litmus-tests-riscv/tests/non-mixed-size/RELAX/Rfi/LB+data+ctrlfencei-rfi-data.litmus
/opt/litmus-tests-riscv/tests/non-mixed-size/ATOMICS/SAFE_PosWRXAq/WRW+WR+fence.rw.rw+posxaq-addraqp.litmus
/opt/litmus-tests-riscv/tests/non-mixed-size/SF_THESIS/BASIC/3.LB+ctrl+ctrlfencei+po.litmus
/opt/litmus-tests-riscv/tests/non-mixed-size/RELAX/PodWRRlP/SB+porlaq-poaqp+posprl-porlaq-posaqp.litmus
/opt/litmus-tests-riscv/tests/non-mixed-size/RELAX/Rfi/R+poprl+rfi-addr-rfi.litmus
/opt/litmus-tests-riscv/tests/non-mixed-size/RELAX/PosWRRlP/SB+poprl-posrlp-addr+poprl-posrlp-ctrlfencei.litmus
/opt/litmus-tests-riscv/tests/non-mixed-size/ATOMICS/BASIC_2_THREAD/MP+poxxs.litmus
/opt/litmus-tests-riscv/tests/non-mixed-size/RELAX/PosWRRlAq/R+fence.rw.rw+posrlaq-addraqp.litmus
/opt/litmus-tests-riscv/tests/non-mixed-size/RELAX/Rfi/SB+poprl-rfirlp-addr+poprl-rfirlaq-posaqp.litmus
/opt/litmus-tests-riscv/tests/non-mixed-size/RELAX/PodWRRlAq/SB+porlaq+posprl-porlaq-ctrlfenceisaqp.litmus
/opt/litmus-tests-riscv/tests/non-mixed-size/RELAX/Rfi/S+rfi-ctrlfencei+ctrl-rfi-ctrlfencei.litmus
/opt/litmus-tests-riscv/tests/non-mixed-size/SAFE/MP+[rf-fence.rw.w-ws]+fence.rw.rw.litmus
/opt/litmus-tests-riscv/tests/to-AArch64/RV+IRWIW+fence.r.rw+fence.rw.rw.litmus
/opt/litmus-tests-riscv/tests/non-mixed-size/RELAX/PosWRRlP/SB+posrlaq-poaqp+poprl-posrlp-addr.litmus
/opt/litmus-tests-riscv/tests/non-mixed-size/SF_THESIS/BASIC/WWC+ctrl+fence.rw.rw.litmus
/opt/litmus-tests-riscv/tests/non-mixed-size/RELAX/Rfi/SB+rfi-data-rfi+rfi-ctrl-rfi.litmus
/opt/litmus-tests-riscv/tests/non-mixed-size/RELAX/PodWRRlAq/SB+porlaq-addrsaqp+porlaq-ctrlfenceiaqp.litmus
/opt/litmus-tests-riscv/tests/to-AArch64/RV+R+rfi-ctrl+rfi-ctrlfencei.litmus
/opt/litmus-tests-riscv/tests/non-mixed-size/RELAX/Fence.idRW/LB+fence.i+poprl.litmus
/opt/litmus-tests-riscv/tests/non-mixed-size/SAFE/Z6.2+fence.rw.rw+addr+fence.rw.rw.litmus
/opt/litmus-tests-riscv/tests/to-AArch64/RV+WWC+ctrl+fence.r.rw.litmus
/opt/litmus-tests-riscv/tests/non-mixed-size/SAFE/3.LB+fence.r.rw+addr+fence.rw.rw.litmus
/opt/litmus-tests-riscv/tests/non-mixed-size/ATOMICS/CO/SB+fence.rw.rws+fence.rw.rwsxp.litmus
/opt/litmus-tests-riscv/tests/to-AArch64/RV+Z6.4+fence.w.w+fence.rw.rw+fence.rw.rw.litmus
/opt/litmus-tests-riscv/tests/non-mixed-size/SAFE/Z6.1+poprl+fence.rw.rw+fence.rw.w.litmus
/opt/litmus-tests-riscv/tests/non-mixed-size/SAFE/3.LB+fence.r.rw+fence.r.rw+fence.rw.w.litmus
/opt/litmus-tests-riscv/tests/non-mixed-size/SAFE/Z6.3+fence.rw.w+fence.rw.rw+addr.litmus
/opt/litmus-tests-riscv/tests/non-mixed-size/RELAX/PodWR/SB+pos-po-addr+poprl-porlaq-posaqp.litmus
/opt/litmus-tests-riscv/tests/non-mixed-size/RELAX/PosWR/R+fence.rw.w+pos-ctrlfencei.litmus
/opt/litmus-tests-riscv/tests/non-mixed-size/FENCE.TSO/2/LB+fence.tsopx+fence.tsoxp.litmus
/opt/litmus-tests-riscv/tests/to-AArch64/RV+MP+fence.rw.rw+data-rfi-ctrlfencei.litmus
/opt/litmus-tests-riscv/tests/non-mixed-size/SAFE/S+[rf-addr-ws]+addr.litmus
/opt/litmus-tests-riscv/tests/non-mixed-size/RELAX/PodWRPAq/SB+popaq-ctrlfenceiaqp+pos-popaq-posaqp.litmus
/opt/litmus-tests-riscv/tests/non-mixed-size/RELAX/Rfi/2+2W+poprl+rfi-ctrlfencei.litmus
/opt/litmus-tests-riscv/tests/non-mixed-size/RELAX/PodWRRlP/SB+posprl-porlp-ctrlfenceis+poprl-porlaq-posaqp.litmus
/opt/litmus-tests-riscv/tests/non-mixed-size/SAFE/W+RWC+fence.w.w+addr+fence.rw.rw.litmus
/opt/litmus-tests-riscv/tests/to-AArch64/RV+MP+fence.rw.rw+ctrl-rfi-ctrlfenceis.litmus
/opt/litmus-tests-riscv/tests/to-AArch64/RV+R+rfi-addr+rfi-ctrlfencei.litmus
/opt/litmus-tests-riscv/tests/non-mixed-size/RELAX/Rfi/LB+data+ctrlfencei-rfi-addr.litmus
/opt/litmus-tests-riscv/tests/non-mixed-size/SAFE/IRWIW+ctrlfencei+poaqp.litmus
/opt/litmus-tests-riscv/tests/non-mixed-size/SAFE/LB+[fr-rf]-addr+poprl.litmus
/opt/litmus-tests-riscv/tests/non-mixed-size/RELAX/Rfi/R+poprl-rfirlp-data+poprl-rfirlaq-posaqp.litmus
/opt/litmus-tests-riscv/tests/to-AArch64/RV+MP+pos-rfi-ctrl+fence.r.rw.litmus
/opt/litmus-tests-riscv/tests/non-mixed-size/RELAX/Rfi/MP+fence.w.w+addr-rfipaq-posaqp.litmus
/opt/litmus-tests-riscv/tests/non-mixed-size/SAFE/LB+[fr-fence.w.w-ws]+fence.rw.rw.litmus
/opt/litmus-tests-riscv/tests/non-mixed-size/SF_THESIS/BASIC/ISA2+fence.rw.rw+fence.rw.rw+ctrlfencei.litmus
/opt/litmus-tests-riscv/tests/to-AArch64/RV+WRC+addrs.litmus
/opt/litmus-tests-riscv/tests/to-AArch64/RV+WWC+ctrlfenceis.litmus
/opt/litmus-tests-riscv/tests/non-mixed-size/RELAX/PosWR/SB+pos-addr+pos-pos-addr.litmus
/opt/litmus-tests-riscv/tests/non-mixed-size/SAFE/MP+[rf-fence.r.rw-fr]+addr.litmus
/opt/litmus-tests-riscv/tests/non-mixed-size/RELAX/Rfi/MP+rfi-addr+ctrlfencei-rfi-addr.litmus
/opt/litmus-tests-riscv/tests/non-mixed-size/RELAX/Fri-Rfi/LB+addr+ctrl-fri-rfi-addr.litmus
/opt/litmus-tests-riscv/tests/to-AArch64/RV+LB+fence.rw.rw+fence.rw.rw-[rf-fr].litmus
/opt/litmus-tests-riscv/tests/to-AArch64/RV+SB+[ws-rf]-fence.rw.rw+fence.rw.rw.litmus
/opt/litmus-tests-riscv/tests/non-mixed-size/RELAX/Rfi/2+2W+rfi-addrs.litmus
/opt/litmus-tests-riscv/tests/non-mixed-size/RELAX/PosWR/SB+pos-ctrlfencei+pos-pos-addr.litmus
/opt/litmus-tests-riscv/tests/non-mixed-size/RELAX/PodWRRlP/R+fence.rw.w+porlaq-poaqp.litmus
/opt/litmus-tests-riscv/tests/non-mixed-size/RELAX/PodWRPAq/SB+pos-popaq-ctrlfenceiaqp+poprl-porlaq-poaqp.litmus
/opt/litmus-tests-riscv/tests/non-mixed-size/SAFE/3.LB+fence.rw.w+fence.rw.rw+data.litmus
/opt/litmus-tests-riscv/tests/non-mixed-size/RELAX/PodWRRlAq/SB+posprl-porlaq-ctrlfenceisaqp+posprl-porlaq-posaqp.litmus
/opt/litmus-tests-riscv/tests/non-mixed-size/SAFE/WRC+poprl+poaqp.litmus
/opt/litmus-tests-riscv/tests/non-mixed-size/RELAX/Rfi/SB+rfi-ctrlfencei-rfi+poprl-rfirlp-ctrlfencei.litmus
/opt/litmus-tests-riscv/tests/non-mixed-size/SAFE/W+RWC+fence.rw.w+addrs+fence.rw.rw.litmus
/opt/litmus-tests-riscv/tests/non-mixed-size/RELAX/PodWRRlP/SB+fence.rw.rw+posprl-porlp-addrs.litmus
/opt/litmus-tests-riscv/tests/non-mixed-size/SAFE/LB+[fr-rf]-ctrlfencei+ctrlfencei.litmus
/opt/litmus-tests-riscv/tests/to-AArch64/RV+WWC+addr+data.litmus
/opt/litmus-tests-riscv/tests/non-mixed-size/HAND/ISA14+TER.litmus
/opt/litmus-tests-riscv/tests/non-mixed-size/SAFE/S+[rf-addr-ws]+poaqp.litmus
/opt/litmus-tests-riscv/tests/non-mixed-size/SAFE/ISA2+fence.rw.w+poaqp+fence.r.rw.litmus
/opt/litmus-tests-riscv/tests/non-mixed-size/SAFE/R+fence.rw.rws.litmus
/opt/litmus-tests-riscv/tests/non-mixed-size/SAFE/S+fence.rw.rw+[fr-rf]-data.litmus
/opt/litmus-tests-riscv/tests/non-mixed-size/SAFE/Z6.0+pos+fence.r.rw+fence.rw.rw.litmus
/opt/litmus-tests-riscv/tests/non-mixed-size/SAFE/MP+[ws-fence.rw.rw-fr]+fence.r.rw.litmus
/opt/litmus-tests-riscv/tests/non-mixed-size/RELAX/PodWR/SB+po-addr+pos-po-ctrlfenceis.litmus
/opt/litmus-tests-riscv/tests/non-mixed-size/RELAX/PodWR/SB+pos-po-addrs+poprl-porlp-addrs.litmus
/opt/litmus-tests-riscv/tests/non-mixed-size/ATOMICS/SAFE_PosWRXAq/WRW+WR+poaqp+posxaq-poaqp.litmus
/opt/litmus-tests-riscv/tests/non-mixed-size/SAFE/LB+fence.rw.w-[rf-fr]+ctrl.litmus
/opt/litmus-tests-riscv/tests/non-mixed-size/SAFE/Z6.2+fence.rw.rw+poaqp+poprl.litmus
/opt/litmus-tests-riscv/tests/non-mixed-size/SAFE/IRWIW+fence.rw.rw+ctrlfencei.litmus
/opt/litmus-tests-riscv/tests/non-mixed-size/SAFE/3.LB+fence.r.rw+poaqp+ctrlfencei.litmus
/opt/litmus-tests-riscv/tests/non-mixed-size/SAFE/MP+[rf-fr]-fence.rw.rw+ctrlfencei.litmus
/opt/litmus-tests-riscv/tests/non-mixed-size/SAFE/Z6.3+fence.rw.rw+fence.rw.w+ctrlfenceis.litmus
/opt/litmus-tests-riscv/tests/non-mixed-size/FENCE.TSO/2/LB+fence.tsopxs.litmus
/opt/litmus-tests-riscv/tests/non-mixed-size/RELAX/Rfi/S+poprl-rfirlp-data+data-rfi-data.litmus
/opt/litmus-tests-riscv/tests/non-mixed-size/SAFE/S+[rf-addr-fr]+poaqp.litmus
/opt/litmus-tests-riscv/tests/non-mixed-size/SAFE/LB+fence.rw.rw+fence.rw.rw-[rf-fr].litmus
/opt/litmus-tests-riscv/tests/non-mixed-size/ATOMICS/CO/S+fence.rw.rwsxx+fence.rw.rws.litmus
/opt/litmus-tests-riscv/tests/non-mixed-size/RELAX/Rfi/LB+ctrl-rfi-data+ctrlfencei-rfi-data.litmus
/opt/litmus-tests-riscv/tests/non-mixed-size/SF_THESIS/BASIC/3.LB+data+data+ctrl.litmus
/opt/litmus-tests-riscv/tests/non-mixed-size/RELAX/Rfi/LB+ctrlfencei-rfi-addr+ctrlfencei-rfi-ctrl.litmus
/opt/litmus-tests-riscv/tests/to-AArch64/RV+S+fence.w.w+data-rfi-ctrl.litmus
/opt/litmus-tests-riscv/tests/non-mixed-size/HAND/MP+fence.w.w+data-wsi-rfi-addr.litmus
/opt/litmus-tests-riscv/tests/non-mixed-size/RELAX/DpCtrldR/MP+fence.rw.rw+ctrl.litmus
/opt/litmus-tests-riscv/tests/non-mixed-size/RELAX/Rfi/LB+data-rfi-ctrl+ctrl-rfi-data.litmus
/opt/litmus-tests-riscv/tests/non-mixed-size/SF_THESIS/BASIC/ISA2+fence.rw.rw+po+ctrlfencei.litmus
/opt/litmus-tests-riscv/tests/non-mixed-size/RELAX/PosWRRlAq/SB+posrlaq-ctrlfenceiaqp+poprl-posrlaq-ctrlfenceisaqp.litmus
/opt/litmus-tests-riscv/tests/non-mixed-size/RelAcq_2_THREAD/2+2W+poprl+porlp.litmus
/opt/litmus-tests-riscv/tests/non-mixed-size/RELAX/PosWR/SB+pospaq-poaqp+pos-pospaq-poaqp.litmus
/opt/litmus-tests-riscv/tests/to-AArch64/RV+LB+[fr-rf]-ctrl+fence.r.rw.litmus
/opt/litmus-tests-riscv/tests/non-mixed-size/RELAX/PodWR/SB+popaq-posaqp+pos-po-addrs.litmus
/opt/litmus-tests-riscv/tests/non-mixed-size/SAFE/Z6.2+fence.w.w+fence.rw.rw+addr.litmus
/opt/litmus-tests-riscv/tests/non-mixed-size/SAFE/Z6.1+fence.w.w+fence.rw.rw+ctrl.litmus
/opt/litmus-tests-riscv/tests/non-mixed-size/RELAX/Rfi/MP+poprl-rfirlp-ctrl+ctrl-rfi-ctrlfenceis.litmus
/opt/litmus-tests-riscv/tests/non-mixed-size/ATOMICS/CO/WWC+fence.rw.rws+fence.rw.rwspx.litmus
/opt/litmus-tests-riscv/tests/non-mixed-size/SAFE/MP+fence.rw.rw+ctrlfencei-[fr-rf].litmus
/opt/litmus-tests-riscv/tests/non-mixed-size/RELAX/Rfi/MP+rfi-data+ctrl-rfipaq-posaqp.litmus
/opt/litmus-tests-riscv/tests/non-mixed-size/RELAX/Rfi/LB+ctrlfencei+ctrlfencei-rfi-ctrlfencei.litmus
/opt/litmus-tests-riscv/tests/non-mixed-size/RELAX/PodWR/SB+poprl-porlp+pos-po-ctrlfenceis.litmus
/opt/litmus-tests-riscv/tests/to-AArch64/RV+R+fence.rw.rw+[rf-ctrlfencei-rf].litmus
/opt/litmus-tests-riscv/tests/non-mixed-size/SAFE/S+poprl-[rfrlp-fr]+poprl.litmus
/opt/litmus-tests-riscv/tests/non-mixed-size/SAFE/3.LB+fence.r.rw+fence.r.rw+addr.litmus
/opt/litmus-tests-riscv/tests/to-AArch64/RV+LB+fence.rw.rw+addr-rfi-addr.litmus
/opt/litmus-tests-riscv/tests/non-mixed-size/RELAX/PosWRPAq/SB+poprl-posrlaq-ctrlfenceisaqp+poprl-posrlaq-ctrlfenceiaqp.litmus
/opt/litmus-tests-riscv/tests/to-AArch64/RV+3.LB+fence.r.rw+fence.rw.rw+ctrlfencei.litmus
/opt/litmus-tests-riscv/tests/non-mixed-size/RELAX/PosWRRlAq/SB+posprl-posrlaq-poaqp+poprl-posrlaq-ctrlfenceiaqp.litmus
/opt/litmus-tests-riscv/tests/non-mixed-size/RELAX/PodWRPAq/R+poprl+poprl-porlaq-poaqp.litmus
/opt/litmus-tests-riscv/tests/non-mixed-size/RELAX/PodWRPAq/SB+poprl-porlaq+popaq-addraqp.litmus
/opt/litmus-tests-riscv/tests/non-mixed-size/ATOMICS/SAFE_PosWRXAq/W+RWC+fence.rw.w+ctrlfencei+posxaq.litmus
/opt/litmus-tests-riscv/tests/non-mixed-size/RELAX/PodWRRlP/SB+posprl-porlp+posprl-porlp-addr.litmus
/opt/litmus-tests-riscv/tests/to-AArch64/RV+MP+rfi-ctrlfencei+ctrlfencei-rfi-addr.litmus
/opt/litmus-tests-riscv/tests/non-mixed-size/RELAX/PodWRPAq/SB+pos-popaq-addraqp+pos-popaq-poaqp.litmus
/opt/litmus-tests-riscv/tests/non-mixed-size/SF_THESIS/BASIC/RWC+ctrl+fence.rw.rw.litmus
/opt/litmus-tests-riscv/tests/non-mixed-size/RELAX/PodWRRlP/SB+porlp-ctrlfenceiss.litmus
/opt/litmus-tests-riscv/tests/non-mixed-size/SAFE/S+[rfpaq-poaqp-fr]+poprl.litmus
/opt/litmus-tests-riscv/tests/non-mixed-size/SF_THESIS/BASIC/WWC+ctrlfenceis.litmus
/opt/litmus-tests-riscv/tests/non-mixed-size/SAFE/IRRWIW+ctrlfencei+fence.r.rw.litmus
/opt/litmus-tests-riscv/tests/non-mixed-size/RELAX/Rfi/LB+fence.r.rw+ctrlfencei-rfi-data.litmus
/opt/litmus-tests-riscv/tests/non-mixed-size/SF_THESIS/CO/CoWR0+fence.rw.rws.litmus
/opt/litmus-tests-riscv/tests/to-AArch64/RV+3.LB+addr+data+ctrlfencei.litmus
/opt/litmus-tests-riscv/tests/to-AArch64/RV+LB+addr-rfi-ctrlfencei+data-rfi-ctrlfencei.litmus
/opt/litmus-tests-riscv/tests/non-mixed-size/SAFE/ISA2+poprl+pos+ctrlfencei.litmus
/opt/litmus-tests-riscv/tests/non-mixed-size/RELAX/Rfi/MP+rfi-addr+ctrlfencei-rfi-addrs.litmus
/opt/litmus-tests-riscv/tests/non-mixed-size/RELAX/Rfi/MP+rfi-ctrl+data-rfipaq-posaqp.litmus
/opt/litmus-tests-riscv/tests/non-mixed-size/SF_THESIS/BASIC/Z6.3+po+fence.rw.rw+po.litmus
/opt/litmus-tests-riscv/tests/non-mixed-size/ATOMICS/CO/WRR+2W+pos+fence.rw.rwspx.litmus
/opt/litmus-tests-riscv/tests/non-mixed-size/SAFE/Z6.2+fence.rw.rw+data+ctrlfencei.litmus
/opt/litmus-tests-riscv/tests/to-AArch64/RV+3.LB+fence.rw.rw+ctrlfencei+data.litmus
/opt/litmus-tests-riscv/tests/non-mixed-size/RELAX/PodWRPAq/SB+popaq-poaqp+poprl-porlaq-ctrlfenceisaqp.litmus
/opt/litmus-tests-riscv/tests/non-mixed-size/RELAX/PodWRPAq/SB+popaq-addrsaqp+poprl-porlaq-addrsaqp.litmus
/opt/litmus-tests-riscv/tests/to-AArch64/RV+S+rfi-data+addr.litmus
/opt/litmus-tests-riscv/tests/to-AArch64/RV+Z6.2+fence.w.w+ctrl+addr.litmus
/opt/litmus-tests-riscv/tests/to-AArch64/RV+S+rfi-data+fence.r.rw.litmus
/opt/litmus-tests-riscv/tests/non-mixed-size/SF_THESIS/CO/WRW+2W+fence.rw.rwss.litmus
/opt/litmus-tests-riscv/tests/non-mixed-size/SAFE/Z6.5+fence.w.w+fence.w.w+fence.rw.rw.litmus
/opt/litmus-tests-riscv/tests/non-mixed-size/RELAX/Fence.idWW/MP+fence.i+ctrlfencei.litmus
/opt/litmus-tests-riscv/tests/non-mixed-size/RELAX/PodWR/SB+po-addrs+po-ctrlfencei.litmus
/opt/litmus-tests-riscv/tests/to-AArch64/RV+WWC+data+ctrlfencei.litmus
/opt/litmus-tests-riscv/tests/to-AArch64/RV+LB+data-rfi-data+ctrl-rfi-ctrlfencei.litmus
/opt/litmus-tests-riscv/tests/non-mixed-size/SAFE/Z6.2+poprl+ctrlfencei+addr.litmus
/opt/litmus-tests-riscv/tests/non-mixed-size/RELAX/Coi-Rfi/LB+data+addr-wsi-rfi-data.litmus
/opt/litmus-tests-riscv/tests/to-AArch64/RV+R+fence.rw.rw+rfi-data-rfi.litmus
/opt/litmus-tests-riscv/tests/non-mixed-size/SF_THESIS/BASIC/ISA2+po+ctrlfencei+fence.rw.rw.litmus
/opt/litmus-tests-riscv/tests/non-mixed-size/RELAX/Fri-Rfi/S+fence.rw.rw+ctrl-fri-rfi-ctrl.litmus
/opt/litmus-tests-riscv/tests/to-AArch64/RV+R+fence.rw.rw+rfi-addr.litmus
/opt/litmus-tests-riscv/tests/to-AArch64/RV+Z6.2+fence.w.w+fence.r.rw+fence.r.rw.litmus
/opt/litmus-tests-riscv/tests/non-mixed-size/SAFE/3.LB+fence.rw.w+data+pos.litmus
/opt/litmus-tests-riscv/tests/non-mixed-size/RELAX/PosWR/SB+poprl-posrlp-addr+poprl-posrlaq-posaqp.litmus
/opt/litmus-tests-riscv/tests/non-mixed-size/SAFE/3.LB+fence.r.rw+fence.rw.w+ctrl.litmus
/opt/litmus-tests-riscv/tests/non-mixed-size/SAFE/WRC+fence.rw.w+fence.rw.rw.litmus
/opt/litmus-tests-riscv/tests/non-mixed-size/SF_THESIS/BASIC/ISA2+fence.rw.rw+po+addr.litmus
/opt/litmus-tests-riscv/tests/to-AArch64/RV+2+2W+fence.w.w+fence.rw.rw.litmus
/opt/litmus-tests-riscv/tests/non-mixed-size/SAFE/ISA2+fence.rw.rws.litmus
/opt/litmus-tests-riscv/tests/non-mixed-size/RELAX/Rfi/S+rfi-ctrl+data-rfi-data.litmus
/opt/litmus-tests-riscv/tests/non-mixed-size/SAFE/WRW+2W+fence.rw.w+fence.w.w.litmus
/opt/litmus-tests-riscv/tests/non-mixed-size/SAFE/3.LB+data+data+pos.litmus
/opt/litmus-tests-riscv/tests/non-mixed-size/RELAX/PodWRRlP/R+fence.rw.rw+porlaq-posaqp.litmus
/opt/litmus-tests-riscv/tests/non-mixed-size/AMO_X0_2_THREAD/2+2W+po+poarar+NEW.litmus
/opt/litmus-tests-riscv/tests/non-mixed-size/SAFE/Z6.2+poprl+fence.rw.w+ctrlfencei.litmus
/opt/litmus-tests-riscv/tests/non-mixed-size/RELAX/PosWR/SB+fence.rw.rw+pos-pos-ctrlfencei.litmus
/opt/litmus-tests-riscv/tests/non-mixed-size/SAFE/MP+[rf-data-ws]+fence.rw.rw.litmus
/opt/litmus-tests-riscv/tests/non-mixed-size/RELAX/Rfi/R+poprl-rfirlp-ctrl+rfi-ctrlfencei-rfi.litmus
/opt/litmus-tests-riscv/tests/to-AArch64/RV+S+fence.rw.rw+addr-rfi-ctrl.litmus
/opt/litmus-tests-riscv/tests/non-mixed-size/SAFE/Z6.2+fence.rw.rw+fence.rw.w+ctrlfencei.litmus
/opt/litmus-tests-riscv/tests/non-mixed-size/ATOMICS/CO/WRW+2W+fence.rw.rwsxp+pos.litmus
/opt/litmus-tests-riscv/tests/to-AArch64/RV+MP+fence.w.w+ctrlfencei-rfi-addr.litmus
/opt/litmus-tests-riscv/tests/non-mixed-size/SAFE/Z6.3+fence.rw.w+poprl+fence.rw.rw.litmus
/opt/litmus-tests-riscv/tests/to-AArch64/RV+IRWIW+addr+ctrlfencei.litmus
/opt/litmus-tests-riscv/tests/to-AArch64/RV+R+fence.rw.rw+[rf-fence.r.rw-rf].litmus
/opt/litmus-tests-riscv/tests/non-mixed-size/RELAX/PodWRPAq/SB+pos-popaq-addrsaqp+poprl-porlaq-ctrlfenceiaqp.litmus
/opt/litmus-tests-riscv/tests/non-mixed-size/SAFE/MP+poprl+[fr-rf]-fence.r.rw.litmus
/opt/litmus-tests-riscv/tests/non-mixed-size/SAFE/S+fence.w.w-[rf-fr]+ctrlfencei.litmus
/opt/litmus-tests-riscv/tests/non-mixed-size/RELAX/Rfi/2+2W+poprl-rfirlp-addr+poprl-rfirlp-ctrl.litmus
/opt/litmus-tests-riscv/tests/non-mixed-size/SAFE/ISA2+fence.rw.w+fence.r.rw+addrs.litmus
/opt/litmus-tests-riscv/tests/to-AArch64/RV+ISA2+fence.rw.rw+addr+fence.r.rw.litmus
/opt/litmus-tests-riscv/tests/non-mixed-size/RELAX/Rfi/S+rfi-ctrlfencei+ctrlfencei-rfi-addr.litmus
/opt/litmus-tests-riscv/tests/non-mixed-size/RELAX/PodWRRlAq/SB+porlaq-ctrlfenceisaqp+poprl-porlaq-addraqp.litmus
/opt/litmus-tests-riscv/tests/to-AArch64/RV+LB+addr+fri-rfi-ctrl.litmus
/opt/litmus-tests-riscv/tests/non-mixed-size/SAFE/Z6.3+fence.rw.rw+poprl+fence.rw.rw.litmus
/opt/litmus-tests-riscv/tests/to-AArch64/RV+3.LB+fence.rw.rw+ctrlfencei+pos.litmus
/opt/litmus-tests-riscv/tests/to-AArch64/RV+LB+fence.r.rw+ctrlfencei-rfi-ctrl.litmus
/opt/litmus-tests-riscv/tests/to-AArch64/RV+ISA2+fence.w.w+addr+fence.r.rw.litmus
/opt/litmus-tests-riscv/tests/non-mixed-size/SAFE/MP+[rf-data-ws]+addr.litmus
/opt/litmus-tests-riscv/tests/non-mixed-size/SAFE/SB+[rf-poprl-rf]rlp+fence.rw.rw.litmus
/opt/litmus-tests-riscv/tests/non-mixed-size/ATOMICS/CO/WRW+WR+fence.rw.rws+posxx.litmus
/opt/litmus-tests-riscv/tests/non-mixed-size/SAFE/LB+fence.rw.w-[rf-fr]+addr.litmus
/opt/litmus-tests-riscv/tests/non-mixed-size/RELAX/Fence.rw.wdRR/MP+fence.w.w+fence.rw.w.litmus
/opt/litmus-tests-riscv/tests/non-mixed-size/RELAX/PosWR/R+fence.w.w+poprl-posrlp-ctrlfencei.litmus
/opt/litmus-tests-riscv/tests/non-mixed-size/RELAX/Fence.r.rwdWW/S+fence.r.rw+ctrlfencei.litmus
/opt/litmus-tests-riscv/tests/non-mixed-size/RELAX/PodWRRlAq/SB+posprl-porlaq-poaqp+poprl-porlaq-posaqp.litmus
/opt/litmus-tests-riscv/tests/non-mixed-size/RELAX/Rfi/S+poprl-rfirlp-ctrlfencei+ctrlfencei-rfi-ctrl.litmus
/opt/litmus-tests-riscv/tests/non-mixed-size/RELAX/Rfi/MP+rfi-ctrlfencei+ctrlfencei-rfi.litmus
/opt/litmus-tests-riscv/tests/non-mixed-size/RELAX/Rfi/S+fence.w.w+ctrl-rfi-ctrl.litmus
/opt/litmus-tests-riscv/tests/non-mixed-size/RELAX/PodWW/R+po+fence.rw.rw.litmus
/opt/litmus-tests-riscv/tests/to-AArch64/RV+S+fence.rw.rw+poxp.litmus
/opt/litmus-tests-riscv/tests/non-mixed-size/SAFE/ISA2+fence.rw.w+data+ctrlfenceis.litmus
/opt/litmus-tests-riscv/tests/non-mixed-size/RELAX/Rfi/MP+rfi-ctrlfencei+addr-rfipaq-poaqp.litmus
/opt/litmus-tests-riscv/tests/non-mixed-size/SAFE/S+[rf-fence.r.rw-ws]+ctrlfencei.litmus
/opt/litmus-tests-riscv/tests/non-mixed-size/ATOMICS/CO/WRC+fence.rw.rwsxp+fence.rw.rws+X.litmus
/opt/litmus-tests-riscv/tests/non-mixed-size/RELAX/PodWR/SB+pos-po-addrs+poprl-porlaq-posaqp.litmus
/opt/litmus-tests-riscv/tests/non-mixed-size/RELAX/PodWRPAq/SB+popaq-ctrlfenceisaqp+poprl-porlaq-addraqp.litmus
/opt/litmus-tests-riscv/tests/non-mixed-size/RELAX/PosWRPAq/R+fence.rw.w+poprl-posrlaq-posaqp.litmus
/opt/litmus-tests-riscv/tests/non-mixed-size/RELAX/PodWRRlAq/SB+porlaq-ctrlfenceisaqp+poprl-porlaq-addrsaqp.litmus
/opt/litmus-tests-riscv/tests/non-mixed-size/RELAX/PodWRRlP/R+fence.w.w+poprl-porlaq-poaqp.litmus
/opt/litmus-tests-riscv/tests/non-mixed-size/AMO_X0_2_THREAD/LB+po+poprl+NEW.litmus
/opt/litmus-tests-riscv/tests/to-AArch64/RV+WRC+fence.r.rw+fence.rw.rw.litmus
/opt/litmus-tests-riscv/tests/non-mixed-size/SAFE/ISA2+fence.rw.w+poprl+fence.r.rws.litmus
/opt/litmus-tests-riscv/tests/to-AArch64/RV+MP+[ws-fence.rw.rw-fr]+ctrlfencei.litmus
/opt/litmus-tests-riscv/tests/non-mixed-size/SAFE/MP+fence.rw.rw+[fr-fence.rw.rw-rf].litmus
/opt/litmus-tests-riscv/tests/non-mixed-size/RELAX/PodWRRlAq/SB+porlaq+porlaq-addraqp.litmus
/opt/litmus-tests-riscv/tests/non-mixed-size/SAFE/3.LB+fence.r.rw+pos+poprl.litmus
/opt/litmus-tests-riscv/tests/non-mixed-size/ATOMICS/SAFE_PosWRXAq/W+RWC+fence.rw.rw+poaqp+posxaq.litmus
/opt/litmus-tests-riscv/tests/to-AArch64/RV+MP+[rf-fence.r.rw-fr]+fence.rw.rw.litmus
/opt/litmus-tests-riscv/tests/non-mixed-size/RELAX/PodWR/SB+popaq-posaqp+poprl-porlaq-poaqp.litmus
/opt/litmus-tests-riscv/tests/non-mixed-size/ATOMICS/CO/CoRW1+pospx.litmus
/opt/litmus-tests-riscv/tests/non-mixed-size/ATOMICS/CO/WRW+WR+fence.rw.rws+fence.rw.rwsxx.litmus
/opt/litmus-tests-riscv/tests/non-mixed-size/SAFE/R+fence.rw.rw+[rf-fence.r.rw-rf].litmus
/opt/litmus-tests-riscv/tests/non-mixed-size/SAFE/Z6.3+fence.rw.w+fence.rw.rw+poaqp.litmus
/opt/litmus-tests-riscv/tests/non-mixed-size/SAFE/3.LB+pos+poaqp+poaqp.litmus
/opt/litmus-tests-riscv/tests/non-mixed-size/RELAX/PodWR/SB+pos-po+poprl-porlp-ctrlfencei.litmus
/opt/litmus-tests-riscv/tests/non-mixed-size/ATOMICS/CO/2+2W+fence.rw.rws+pospx.litmus
/opt/litmus-tests-riscv/tests/non-mixed-size/SAFE/IRWIW+data+ctrl.litmus
/opt/litmus-tests-riscv/tests/non-mixed-size/RELAX/Rfi/SB+rfipaq-poaqp+poprl-rfirlp-ctrlfencei.litmus
/opt/litmus-tests-riscv/tests/non-mixed-size/SAFE/Z6.1+poprl+fence.w.w+fence.r.rw.litmus
/opt/litmus-tests-riscv/tests/non-mixed-size/RELAX/Rfi/MP+rfi-ctrlfencei+data-rfipaq-poaqp.litmus
/opt/litmus-tests-riscv/tests/non-mixed-size/SF_THESIS/BASIC/WRW+2W+fence.rw.rws.litmus
/opt/litmus-tests-riscv/tests/non-mixed-size/RELAX/PosWRRlAq/SB+posrlaq-ctrlfenceiaqps.litmus
/opt/litmus-tests-riscv/tests/non-mixed-size/RELAX/Rfi/LB+addr-rfi-addr+addr-rfi-ctrlfencei.litmus
/opt/litmus-tests-riscv/tests/non-mixed-size/ATOMICS/CO/SB+fence.rw.rwsxp+pos.litmus
/opt/litmus-tests-riscv/tests/to-AArch64/RV+S+[rf-ctrl-ws]+ctrl.litmus
/opt/litmus-tests-riscv/tests/non-mixed-size/SAFE/W+RWC+poprl+addr+fence.rw.rws.litmus
/opt/litmus-tests-riscv/tests/non-mixed-size/SAFE/LB+[fr-fence.rw.rw-ws]+fence.rw.w.litmus
/opt/litmus-tests-riscv/tests/non-mixed-size/SAFE/3.LB+fence.r.rw+fence.rw.w+poprl.litmus
/opt/litmus-tests-riscv/tests/non-mixed-size/RELAX/PodWRPAq/R+poprl+popaq-addrsaqp.litmus
/opt/litmus-tests-riscv/tests/to-AArch64/RV+MP+rfi-data+ctrl-rfi-ctrlfenceis.litmus
/opt/litmus-tests-riscv/tests/non-mixed-size/BASIC_2_THREAD/MP+po+ctrl.litmus
/opt/litmus-tests-riscv/tests/non-mixed-size/SAFE/W+RWC+poprl+ctrlfencei+fence.rw.rw.litmus
/opt/litmus-tests-riscv/tests/non-mixed-size/SF_THESIS/BASIC/ISA2+fence.rw.rw+ctrlfencei+addr.litmus
/opt/litmus-tests-riscv/tests/non-mixed-size/RELAX/PosWRRlP/SB+poprl-posrlaq-posaqps.litmus
/opt/litmus-tests-riscv/tests/non-mixed-size/SAFE/LB+addr+poprl.litmus
/opt/litmus-tests-riscv/tests/to-AArch64/RV+LB+ctrl-rfi-addr+ctrl-rfi-ctrlfencei.litmus
/opt/litmus-tests-riscv/tests/non-mixed-size/SF_THESIS/BASIC/Z6.0+po+fence.rw.rw+fence.rw.rw.litmus
/opt/litmus-tests-riscv/tests/non-mixed-size/SAFE/Z6.2+poprl+ctrl+fence.rw.w.litmus
/opt/litmus-tests-riscv/tests/non-mixed-size/SAFE/Z6.2+fence.rw.w+poaqp+data.litmus
/opt/litmus-tests-riscv/tests/non-mixed-size/BASIC_2_THREAD/LB+fence.rw.rws.litmus
/opt/litmus-tests-riscv/tests/non-mixed-size/RELAX/PodWRRlAq/SB+posprl-porlaq-poaqp+poprl-porlaq-poaqp.litmus
/opt/litmus-tests-riscv/tests/non-mixed-size/ATOMICS/CO/LB+pospx+posxp.litmus
/opt/litmus-tests-riscv/tests/to-AArch64/RV+Z6.2+fence.rw.rw+ctrl+addr.litmus
/opt/litmus-tests-riscv/tests/non-mixed-size/AMO_X0_2_THREAD/R+poarar+poarp+NEW.litmus
/opt/litmus-tests-riscv/tests/non-mixed-size/RELAX/Rfi/S+rfi-ctrlfencei+fence.rw.w.litmus
/opt/litmus-tests-riscv/tests/to-AArch64/RV+MP+fence.rw.rw-[fr-ws]+ctrlfencei.litmus
/opt/litmus-tests-riscv/tests/non-mixed-size/RELAX/PosWR/R+fence.rw.rw+poprl-posrlp-addr.litmus
/opt/litmus-tests-riscv/tests/non-mixed-size/SAFE/Z6.1+fence.rw.rw+fence.rw.rw+poaqp.litmus
/opt/litmus-tests-riscv/tests/non-mixed-size/ATOMICS/SAFE_PosWRXAq/SB+fence.rw.rw+pospx-posxaq-addraqp.litmus
/opt/litmus-tests-riscv/tests/non-mixed-size/ATOMICS/CO/WRW+WR+pos+fence.rw.rwspx.litmus
/opt/litmus-tests-riscv/tests/to-AArch64/RV+MP+fence.r.rws.litmus
/opt/litmus-tests-riscv/tests/to-AArch64/RV+MP+[rf-fr]-fence.rw.rw+addr.litmus
/opt/litmus-tests-riscv/tests/to-AArch64/RV+Z6.2+fence.w.w+fence.r.rw+ctrlfencei.litmus
/opt/litmus-tests-riscv/tests/non-mixed-size/AMO_X0_2_THREAD/MP+popar+po+NEW.litmus
/opt/litmus-tests-riscv/tests/non-mixed-size/RELAX/PodWRRlAq/R+fence.w.w+porlaq-addrsaqp.litmus
/opt/litmus-tests-riscv/tests/non-mixed-size/SAFE/2+2W+[rf-fence.rw.rw-fr]+fence.rw.rw.litmus
/opt/litmus-tests-riscv/tests/non-mixed-size/RELAX/PodRW/LB+ctrl+po.litmus
/opt/litmus-tests-riscv/tests/to-AArch64/RV+S+rfi-ctrlfencei+ctrl-rfi-ctrlfencei.litmus
/opt/litmus-tests-riscv/tests/non-mixed-size/SAFE/S+[rf-addr-ws]+poprl.litmus
/opt/litmus-tests-riscv/tests/non-mixed-size/RELAX/PosWRPAq/SB+pos-pospaq-poaqp+poprl-posrlaq-poaqp.litmus
/opt/litmus-tests-riscv/tests/to-AArch64/RV+S+fence.r.rw+data.litmus
/opt/litmus-tests-riscv/tests/non-mixed-size/SAFE/Z6.2+poprl+poaqp+fence.r.rw.litmus
/opt/litmus-tests-riscv/tests/non-mixed-size/SAFE/ISA2+fence.rw.w+poprl+fence.r.rw.litmus
/opt/litmus-tests-riscv/tests/non-mixed-size/RELAX/PosWRRlP/R+fence.w.w+poprl-posrlp-addrs.litmus
/opt/litmus-tests-riscv/tests/non-mixed-size/RELAX/Rfi/MP+rfi-ctrlfencei+ctrl-rfi-ctrlfenceis.litmus
/opt/litmus-tests-riscv/tests/to-AArch64/RV+WWC+addr+fence.r.rw.litmus
/opt/litmus-tests-riscv/tests/non-mixed-size/SF_THESIS/BASIC/LB+addr+data.litmus
/opt/litmus-tests-riscv/tests/non-mixed-size/SAFE/2+2W+[rf-fence.rw.rw-fr]+fence.w.w.litmus
/opt/litmus-tests-riscv/tests/non-mixed-size/RELAX/Rfi/S+fence.rw.w+ctrlfencei-rfi-ctrlfencei.litmus
/opt/litmus-tests-riscv/tests/non-mixed-size/SAFE/WRC+fence.rw.rw+poaqp.litmus
/opt/litmus-tests-riscv/tests/non-mixed-size/RELAX/PodWRPAq/SB+popaq-ctrlfenceisaqp+pos-popaq-poaqp.litmus
/opt/litmus-tests-riscv/tests/non-mixed-size/RELAX/PodWR/SB+po-ctrlfenceis+poprl-porlaq-posaqp.litmus
/opt/litmus-tests-riscv/tests/non-mixed-size/RELAX/Rfi/MP+pos-rfi-addr+addr.litmus
/opt/litmus-tests-riscv/tests/non-mixed-size/RELAX/Rfi/MP+rfi-ctrl+addr.litmus
/opt/litmus-tests-riscv/tests/non-mixed-size/SF_THESIS/CO/R+pos+fence.rw.rws.litmus
/opt/litmus-tests-riscv/tests/non-mixed-size/RELAX/PosWR/SB+pos-pospaq-poaqp+poprl-posrlp-addr.litmus
/opt/litmus-tests-riscv/tests/non-mixed-size/SAFE/R+fence.w.w+[rfpaq-poaqp-rf].litmus
/opt/litmus-tests-riscv/tests/non-mixed-size/SAFE/Z6.3+poprl+poprl+fence.rw.rw.litmus
/opt/litmus-tests-riscv/tests/to-AArch64/RV+ISA2+fence.rw.rw+pos+ctrlfencei.litmus
/opt/litmus-tests-riscv/tests/to-AArch64/RV+R+fence.w.w+fence.rw.rw.litmus
/opt/litmus-tests-riscv/tests/non-mixed-size/ATOMICS/SAFE_PosWRXAq/SB+posxaq-poaqps.litmus
/opt/litmus-tests-riscv/tests/non-mixed-size/RELAX/PodWRPAq/SB+poprl-porlaq+pos-popaq-ctrlfenceiaqp.litmus
/opt/litmus-tests-riscv/tests/non-mixed-size/RELAX/PosWRRlAq/SB+posprl-posrlaq-addraqp+poprl-posrlaq-ctrlfenceiaqp.litmus
/opt/litmus-tests-riscv/tests/non-mixed-size/RELAX/Rfi/LB+data+ctrlfencei-rfi-ctrl.litmus
/opt/litmus-tests-riscv/tests/non-mixed-size/SAFE/MP+[rf-fr]-poprl+fence.r.rw.litmus
/opt/litmus-tests-riscv/tests/to-AArch64/RV+LB+[fr-rf]-data+fence.rw.rw.litmus
/opt/litmus-tests-riscv/tests/non-mixed-size/SAFE/ISA2+pos+ctrlfencei+fence.rw.rw.litmus
/opt/litmus-tests-riscv/tests/non-mixed-size/SF_THESIS/HAND/MP+poxx+addr.litmus
/opt/litmus-tests-riscv/tests/non-mixed-size/ATOMICS/CO/2+2W+fence.rw.rws+fence.rw.rwspx.litmus
/opt/litmus-tests-riscv/tests/non-mixed-size/SAFE/Z6.2+fence.rw.rw+fence.rw.rw+poaqp.litmus
/opt/litmus-tests-riscv/tests/non-mixed-size/RELAX/PodWR/SB+po-addrs+poprl-porlp-ctrlfencei.litmus
/opt/litmus-tests-riscv/tests/non-mixed-size/SAFE/LB+[fr-rf]-poprl+ctrlfencei.litmus
/opt/litmus-tests-riscv/tests/to-AArch64/RV+LB+data+addr-fri-rfi-ctrl.litmus
/opt/litmus-tests-riscv/tests/non-mixed-size/SAFE/ISA2+fence.w.w+data+ctrlfencei.litmus
/opt/litmus-tests-riscv/tests/non-mixed-size/SF_THESIS/BASIC/WRC+ctrl+po.litmus
/opt/litmus-tests-riscv/tests/non-mixed-size/RELAX/Fri-Rfi/MP+fence.rw.rw+addr-fri-rfi.litmus
/opt/litmus-tests-riscv/tests/non-mixed-size/RELAX/PodWRRlAq/SB+posprl-porlaq-addraqp+poprl-porlaq-addrsaqp.litmus
/opt/litmus-tests-riscv/tests/non-mixed-size/RELAX/PodWR/SB+pos-popaq-poaqp+poprl-porlp-addrs.litmus
/opt/litmus-tests-riscv/tests/non-mixed-size/SAFE/ISA2+fence.rw.w+ctrl+fence.r.rw.litmus
/opt/litmus-tests-riscv/tests/non-mixed-size/RELAX/PosWRPAq/SB+pospaq-addraqp+poprl-posrlaq-ctrlfenceisaqp.litmus
/opt/litmus-tests-riscv/tests/to-AArch64/RV+SB+po-addrs+po-addr.litmus
/opt/litmus-tests-riscv/tests/to-AArch64/RV+LB+fence.r.rw+addr-rfi-data.litmus
/opt/litmus-tests-riscv/tests/non-mixed-size/SAFE/MP+poprl+[fr-rf]-ctrlfencei.litmus
/opt/litmus-tests-riscv/tests/non-mixed-size/SAFE/3.LB+fence.r.rw+pos+ctrlfencei.litmus
/opt/litmus-tests-riscv/tests/non-mixed-size/RELAX/Rfi/SB+rfi-ctrlfencei+rfipaq-poaqp.litmus
/opt/litmus-tests-riscv/tests/non-mixed-size/ATOMICS/CO/WWC+fence.rw.rwsxp+fence.rw.rws.litmus
