/opt/litmus-tests-riscv/tests/non-mixed-size/SF_THESIS/BASIC/Z6.2+po+ctrl+po.litmus
/opt/litmus-tests-riscv/tests/non-mixed-size/RELAX/Rfi/LB+data-rfi-ctrlfenceis.litmus
/opt/litmus-tests-riscv/tests/to-AArch64/RV+LB+addr-rfi-ctrl+ctrlfencei-rfi-ctrlfencei.litmus
/opt/litmus-tests-riscv/tests/to-AArch64/RV+MP+fence.w.w+[fr-rf]-fence.r.rw.litmus
/opt/litmus-tests-riscv/tests/non-mixed-size/RELAX/Rfi/MP+rfi-addr+ctrlfencei-rfi.litmus
/opt/litmus-tests-riscv/tests/to-AArch64/RV+R+[rf-addr-fr]+fence.rw.rw.litmus
/opt/litmus-tests-riscv/tests/to-AArch64/RV+LB+[fr-fence.w.w-ws]+ctrlfencei.litmus
/opt/litmus-tests-riscv/tests/non-mixed-size/SAFE/R+[ws-rf]-addr+fence.rw.rw.litmus
/opt/litmus-tests-riscv/tests/non-mixed-size/SAFE/LB+addr+addr-[rf-fr].litmus
/opt/litmus-tests-riscv/tests/to-AArch64/RV+LB+fence.rw.rw+addr-fri-rfi-ctrl.litmus
/opt/litmus-tests-riscv/tests/non-mixed-size/HAND/LB+amoadd-data-amoadd.rl+amoadd.aq-data-amoadd.litmus
/opt/litmus-tests-riscv/tests/to-AArch64/RV+SB+pos-po+pos-po-addrs.litmus
/opt/litmus-tests-riscv/tests/non-mixed-size/SAFE/Z6.2+fence.rw.rw+fence.rw.w+addr.litmus
/opt/litmus-tests-riscv/tests/non-mixed-size/SF_THESIS/BASIC/Z6.2+po+ctrlfencei+data.litmus
/opt/litmus-tests-riscv/tests/to-AArch64/RV+SB+pos-po+pos-po-addr.litmus
/opt/litmus-tests-riscv/tests/to-AArch64/RV+LB+addr+data-wsi-rfi-ctrl.litmus
/opt/litmus-tests-riscv/tests/non-mixed-size/SF_THESIS/CO/MP+fence.rw.rws+pos.litmus
/opt/litmus-tests-riscv/tests/non-mixed-size/SF_THESIS/BASIC/W+RWC+fence.rw.rws.litmus
/opt/litmus-tests-riscv/tests/to-AArch64/RV+3.LB+fence.r.rw+data+ctrlfencei.litmus
/opt/litmus-tests-riscv/tests/to-AArch64/RV+SB+po-ctrlfenceis+pos-po-addr.litmus
/opt/litmus-tests-riscv/tests/to-AArch64/RV+S+fence.w.w-[rf-fr]+ctrlfencei.litmus
/opt/litmus-tests-riscv/tests/non-mixed-size/SAFE/S+[rf-fence.rw.rw-ws]+fence.r.rw.litmus
/opt/litmus-tests-riscv/tests/non-mixed-size/SAFE/MP+[ws-fence.rw.w-ws]+addr.litmus
/opt/litmus-tests-riscv/tests/non-mixed-size/RELAX/PodWW/S+po+fence.rw.w.litmus
/opt/litmus-tests-riscv/tests/non-mixed-size/RELAX/Rfi/MP+rfi-addr+fence.rw.rw.litmus
/opt/litmus-tests-riscv/tests/non-mixed-size/RELAX/PodWR/SB+fence.rw.rw+po-addr.litmus
/opt/litmus-tests-riscv/tests/to-AArch64/RV+S+[rf-fence.r.rw-ws]+fence.rw.rw.litmus
/opt/litmus-tests-riscv/tests/non-mixed-size/ATOMICS/CO/MP+fence.rw.rwspx+fence.rw.rwsxp.litmus
/opt/litmus-tests-riscv/tests/non-mixed-size/RELAX/Rfi/MP+pos-rfi-ctrlfencei+addr-rfi-addr.litmus
/opt/litmus-tests-riscv/tests/non-mixed-size/ATOMICS/CO/CoRW2+posxx.litmus
/opt/litmus-tests-riscv/tests/to-AArch64/RV+S+po+data.litmus
/opt/litmus-tests-riscv/tests/non-mixed-size/ATOMICS/CO/CoWR0+posxp.litmus
/opt/litmus-tests-riscv/tests/to-AArch64/RV+3.LB+fence.rw.rw+data+ctrlfencei.litmus
/opt/litmus-tests-riscv/tests/non-mixed-size/RELAX/Rfi/S+fence.rw.rw+ctrlfencei-rfi-ctrlfencei.litmus
/opt/litmus-tests-riscv/tests/non-mixed-size/SF_THESIS/BASIC/Z6.1+po+fence.rw.rw+po.litmus
/opt/litmus-tests-riscv/tests/to-AArch64/RV+MP+po+ctrl.litmus
/opt/litmus-tests-riscv/tests/to-AArch64/RV+MP+[ws-rf]-data+ctrlfencei.litmus
/opt/litmus-tests-riscv/tests/to-AArch64/RV+3.LB+addr+addr+pos.litmus
/opt/litmus-tests-riscv/tests/non-mixed-size/SAFE/Z6.0+fence.w.w+ctrl+fence.rw.rw.litmus
/opt/litmus-tests-riscv/tests/to-AArch64/RV+LB+[fr-fence.rw.rw-ws]+addr.litmus
/opt/litmus-tests-riscv/tests/to-AArch64/RV+S+fence.rw.rw-[fr-ws]+ctrlfencei.litmus
/opt/litmus-tests-riscv/tests/to-AArch64/RV+S+fence.r.rw+addr.litmus
/opt/litmus-tests-riscv/tests/non-mixed-size/SAFE/Z6.2+fence.w.w+data+fence.rw.rw.litmus
/opt/litmus-tests-riscv/tests/to-AArch64/RV+3.LB+fence.rw.rw+addr+ctrlfencei.litmus
/opt/litmus-tests-riscv/tests/non-mixed-size/ATOMICS/CO/WRW+WR+pos+pospx.litmus
/opt/litmus-tests-riscv/tests/to-AArch64/RV+R+fence.w.w+[rf-ctrl-rf].litmus
/opt/litmus-tests-riscv/tests/non-mixed-size/RELAX/Fri-Rfi/S+fence.rw.rw+fri-rfi-data.litmus
/opt/litmus-tests-riscv/tests/non-mixed-size/RELAX/Rfi/MP+pos-rfi-addr+fence.rw.rw.litmus
/opt/litmus-tests-riscv/tests/to-AArch64/RV+WWC+fence.rw.rw+addr.litmus
/opt/litmus-tests-riscv/tests/to-AArch64/RV+LB+fence.rw.rw+ctrl-rfi-addr.litmus
/opt/litmus-tests-riscv/tests/non-mixed-size/SAFE/WRC+ctrlfencei+fence.rw.rw.litmus
/opt/litmus-tests-riscv/tests/to-AArch64/RV+SB+rfi-addr+rfi-addr-rfi.litmus
/opt/litmus-tests-riscv/tests/non-mixed-size/ATOMICS/CO/LB+fence.rw.rwspx+fence.rw.rwsxp.litmus
/opt/litmus-tests-riscv/tests/non-mixed-size/BASIC_2_THREAD/2+2W.litmus
/opt/litmus-tests-riscv/tests/non-mixed-size/RELAX/Coi-Rfi/S+fence.rw.rw+addr-wsi-rfi-ctrl.litmus
/opt/litmus-tests-riscv/tests/non-mixed-size/SAFE/Z6.2+fence.rw.rw+fence.r.rw+ctrl.litmus
/opt/litmus-tests-riscv/tests/non-mixed-size/RELAX/Rfi/LB+ctrl-rfi-addr+ctrlfencei-rfi-addr.litmus
/opt/litmus-tests-riscv/tests/non-mixed-size/RELAX/Rfi/LB+fence.rw.w+addr-rfi-ctrlfencei.litmus
/opt/litmus-tests-riscv/tests/non-mixed-size/SF_THESIS/CO/WRC+fence.rw.rws+pos.litmus
/opt/litmus-tests-riscv/tests/non-mixed-size/ATOMICS/RELAX/PodRWXP/LB+data+poxp.litmus
/opt/litmus-tests-riscv/tests/non-mixed-size/SF_THESIS/CO/CO-SBI.litmus
/opt/litmus-tests-riscv/tests/to-AArch64/RV+S+rfi-data+data-rfi-ctrl.litmus
/opt/litmus-tests-riscv/tests/non-mixed-size/HAND/MP+fence.rw.rw+rmw-wsi-rfi-addr.litmus
/opt/litmus-tests-riscv/tests/non-mixed-size/RELAX/PodWR/SB+po+po-addrs.litmus
/opt/litmus-tests-riscv/tests/to-AArch64/RV+Z6.2+fence.w.w+pos+addr.litmus
/opt/litmus-tests-riscv/tests/non-mixed-size/ATOMICS/CO/CoRR+fence.rw.rwsxx.litmus
/opt/litmus-tests-riscv/tests/non-mixed-size/SAFE/Z6.0+pos+data+fence.rw.rw.litmus
/opt/litmus-tests-riscv/tests/non-mixed-size/ATOMICS/CO/SB+posxps.litmus
/opt/litmus-tests-riscv/tests/non-mixed-size/RELAX/Rfi/SB+rfi-data-rfis.litmus
/opt/litmus-tests-riscv/tests/non-mixed-size/FENCE.TSO/2/MP+fence.tsoxx+fence.tsopx.litmus
/opt/litmus-tests-riscv/tests/to-AArch64/RV+MP+[ws-fence.rw.rw-ws]+ctrlfencei.litmus
/opt/litmus-tests-riscv/tests/non-mixed-size/SF_THESIS/CO/R+poss.litmus
/opt/litmus-tests-riscv/tests/non-mixed-size/SAFE/IRRWIW+fence.rw.rw+fence.r.rw.litmus
/opt/litmus-tests-riscv/tests/non-mixed-size/SAFE/3.LB+fence.rw.w+data+addr.litmus
/opt/litmus-tests-riscv/tests/to-AArch64/RV+Z6.2+fence.w.w+addr+addr.litmus
/opt/litmus-tests-riscv/tests/non-mixed-size/RELAX/Rfi/MP+fence.rw.rw+addr-rfi-addrs.litmus
/opt/litmus-tests-riscv/tests/non-mixed-size/CO/WRW+WR+pos+fence.rw.rws.litmus
/opt/litmus-tests-riscv/tests/non-mixed-size/SAFE/Z6.2+fence.rw.rw+fence.rw.w+fence.rw.w.litmus
/opt/litmus-tests-riscv/tests/non-mixed-size/SAFE/Z6.3+fence.rw.w+fence.rw.rw+addr.litmus
/opt/litmus-tests-riscv/tests/to-AArch64/RV+ISA2+pos+data+fence.rw.rw.litmus
/opt/litmus-tests-riscv/tests/non-mixed-size/SAFE/ISA2+fence.w.w+pos+ctrlfencei.litmus
/opt/litmus-tests-riscv/tests/non-mixed-size/RELAX/PodWR/SB+fence.rw.rw+po-ctrlfenceis.litmus
/opt/litmus-tests-riscv/tests/to-AArch64/RV+LB+fence.r.rw+addr-[fr-ws].litmus
/opt/litmus-tests-riscv/tests/non-mixed-size/RELAX/Rfi/R+rfi-addr+rfi-ctrlfencei-rfi.litmus
/opt/litmus-tests-riscv/tests/to-AArch64/RV+MP+[rf-fence.rw.rw-fr]+addr.litmus
/opt/litmus-tests-riscv/tests/non-mixed-size/FENCE.TSO/2/S+fence.tsoxp+fence.tsoxx.litmus
/opt/litmus-tests-riscv/tests/to-AArch64/RV+LB+ctrl+po.litmus
/opt/litmus-tests-riscv/tests/to-AArch64/RV+SB+[rf-fr]-fence.rw.rw+fence.rw.rw.litmus
/opt/litmus-tests-riscv/tests/to-AArch64/RV+LB+addr-rfi-data+ctrl-rfi-ctrl.litmus
/opt/litmus-tests-riscv/tests/to-AArch64/RV+Z6.3+fence.w.w+fence.rw.rw+ctrlfencei.litmus
/opt/litmus-tests-riscv/tests/non-mixed-size/SF_THESIS/BASIC/Z6.5+po+fence.rw.rw+po.litmus
/opt/litmus-tests-riscv/tests/non-mixed-size/ATOMICS/CO/WRW+2W+pos+posxx.litmus
/opt/litmus-tests-riscv/tests/to-AArch64/RV+ISA2+fence.w.w+ctrlfencei+addrs.litmus
/opt/litmus-tests-riscv/tests/to-AArch64/RV+LB+fence.r.rw+ctrlfencei-[fr-ws].litmus
/opt/litmus-tests-riscv/tests/non-mixed-size/AMO_X0_2_THREAD/2+2W+po+popar+NEW.litmus
/opt/litmus-tests-riscv/tests/non-mixed-size/AMO_X0_2_THREAD/SB+popar+poarar+NEW.litmus
/opt/litmus-tests-riscv/tests/non-mixed-size/HAND/Luc03.litmus
/opt/litmus-tests-riscv/tests/non-mixed-size/RELAX/Rfi/LB+ctrlfencei+ctrl-rfi-data.litmus
/opt/litmus-tests-riscv/tests/to-AArch64/RV+MP+fence.w.w+[fr-rf]-addr.litmus
/opt/litmus-tests-riscv/tests/non-mixed-size/ATOMICS/CO/WRW+2W+pos+pospx.litmus
/opt/litmus-tests-riscv/tests/non-mixed-size/ATOMICS/CO/R+posxp+fence.rw.rws.litmus
/opt/litmus-tests-riscv/tests/non-mixed-size/CO/CoWW+fence.rw.rws.litmus
/opt/litmus-tests-riscv/tests/non-mixed-size/FENCE.TSO/2/LB+fence.tsopxs.litmus
/opt/litmus-tests-riscv/tests/non-mixed-size/RELAX/Rfi/LB+ctrl-rfi-ctrl+ctrlfencei-rfi-addr.litmus
/opt/litmus-tests-riscv/tests/to-AArch64/RV+3.LB+data+ctrl+pos.litmus
/opt/litmus-tests-riscv/tests/to-AArch64/RV+SB+pos-po-ctrlfenceis+pos-po-ctrlfencei.litmus
/opt/litmus-tests-riscv/tests/non-mixed-size/SAFE/ISA2+fence.rw.w+fence.r.rw+addrs.litmus
/opt/litmus-tests-riscv/tests/non-mixed-size/SAFE/LB+fence.r.rw+ctrlfencei-[rf-fr].litmus
/opt/litmus-tests-riscv/tests/to-AArch64/RV+W+RWC+pos+addr+fence.rw.rw.litmus
/opt/litmus-tests-riscv/tests/non-mixed-size/RELAX/Rfi/MP+fence.w.w+ctrlfencei-rfi-ctrlfencei.litmus
/opt/litmus-tests-riscv/tests/to-AArch64/RV+S+[rf-addr-ws]+ctrlfencei.litmus
/opt/litmus-tests-riscv/tests/to-AArch64/RV+LB+fence.r.rw+data-po.litmus
/opt/litmus-tests-riscv/tests/to-AArch64/RV+LB+addr-rfi-data+addr-rfi-ctrl.litmus
/opt/litmus-tests-riscv/tests/non-mixed-size/SAFE/ISA2+fence.rw.rw+data+ctrlfencei.litmus
/opt/litmus-tests-riscv/tests/non-mixed-size/SAFE/2+2W+fence.rw.w+fence.rw.rw.litmus
/opt/litmus-tests-riscv/tests/non-mixed-size/ATOMICS/CO/SB+fence.rw.rws+pospx.litmus
/opt/litmus-tests-riscv/tests/non-mixed-size/ATOMICS/CO/R+posxx+pos.litmus
/opt/litmus-tests-riscv/tests/non-mixed-size/RELAX/Fence.r.rwdWW/S+fence.r.rw+data.litmus
/opt/litmus-tests-riscv/tests/to-AArch64/RV+ISA2+fence.rw.rw+ctrlfencei+ctrlfenceis.litmus
/opt/litmus-tests-riscv/tests/non-mixed-size/RELAX/PodWR/SB+po-addrs+po-ctrlfencei.litmus
/opt/litmus-tests-riscv/tests/to-AArch64/RV+LB+fence.r.rw+data-rfi-ctrl.litmus
/opt/litmus-tests-riscv/tests/to-AArch64/RV+SB+rfi-addr+pos-rfi-addr.litmus
/opt/litmus-tests-riscv/tests/non-mixed-size/SAFE/W+RWC+fence.rw.w+ctrlfencei+fence.rw.rw.litmus
/opt/litmus-tests-riscv/tests/non-mixed-size/SAFE/IRRWIW+fence.rw.rw+addr.litmus
/opt/litmus-tests-riscv/tests/non-mixed-size/RELAX/Rfi/LB+ctrlfencei+ctrlfencei-rfi-ctrlfencei.litmus
/opt/litmus-tests-riscv/tests/to-AArch64/RV+IRRWIW+addr+ctrlfencei.litmus
/opt/litmus-tests-riscv/tests/non-mixed-size/RELAX/Rfi/LB+addr+ctrlfencei-rfi-data.litmus
/opt/litmus-tests-riscv/tests/non-mixed-size/HAND/ISA11+BIS.litmus
/opt/litmus-tests-riscv/tests/to-AArch64/RV+LB+fence.rw.rw+addr-rfi-addr.litmus
/opt/litmus-tests-riscv/tests/non-mixed-size/ATOMICS/CO/MP+pospx+fence.rw.rwsxp.litmus
/opt/litmus-tests-riscv/tests/to-AArch64/RV+S+rfi-data+addr-rfi-ctrl.litmus
/opt/litmus-tests-riscv/tests/non-mixed-size/SAFE/Z6.1+fence.rw.w+fence.rw.rw+fence.rw.w.litmus
/opt/litmus-tests-riscv/tests/non-mixed-size/SF_THESIS/BASIC/2+2W+fence.rw.rw+po.litmus
/opt/litmus-tests-riscv/tests/to-AArch64/RV+S+fence.r.rw+ctrl.litmus
/opt/litmus-tests-riscv/tests/to-AArch64/RV+LB+addr-rfi-data+ctrl-rfi-data.litmus
/opt/litmus-tests-riscv/tests/non-mixed-size/RELAX/PosWR/SB+pos-ctrlfencei+pos-pos-ctrlfencei.litmus
/opt/litmus-tests-riscv/tests/to-AArch64/RV+WWC+data+addr.litmus
/opt/litmus-tests-riscv/tests/to-AArch64/RV+S+[rf-fence.rw.rw-ws]+data.litmus
/opt/litmus-tests-riscv/tests/to-AArch64/RV+S+fence.w.w+data.litmus
/opt/litmus-tests-riscv/tests/to-AArch64/RV+WWC+ctrlfencei+addr.litmus
/opt/litmus-tests-riscv/tests/non-mixed-size/SAFE/MP+[rf-ctrl-ws]+fence.r.rw.litmus
/opt/litmus-tests-riscv/tests/non-mixed-size/SAFE/MP+[ws-fence.w.w-ws]+ctrlfencei.litmus
/opt/litmus-tests-riscv/tests/to-AArch64/RV+R+fence.rw.rw+[rf-ctrlfencei-rf].litmus
/opt/litmus-tests-riscv/tests/non-mixed-size/SF_THESIS/BASIC/MP.litmus
/opt/litmus-tests-riscv/tests/non-mixed-size/ATOMICS/CO/MP+pos+posxx.litmus
/opt/litmus-tests-riscv/tests/to-AArch64/RV+Z6.2+fence.w.w+ctrl+ctrlfencei.litmus
/opt/litmus-tests-riscv/tests/non-mixed-size/RELAX/Fri-Rfi/LB+addr+ctrl-fri-rfi-ctrl.litmus
/opt/litmus-tests-riscv/tests/non-mixed-size/HAND/ISA01.litmus
/opt/litmus-tests-riscv/tests/to-AArch64/RV+S+rfi-addr+ctrlfencei-rfi-ctrlfencei.litmus
/opt/litmus-tests-riscv/tests/to-AArch64/RV+MP+fence.rw.rws.litmus
/opt/litmus-tests-riscv/tests/non-mixed-size/SAFE/S+fence.rw.w+ctrl.litmus
/opt/litmus-tests-riscv/tests/to-AArch64/RV+2+2W+rfi-addrs.litmus
/opt/litmus-tests-riscv/tests/non-mixed-size/RELAX/Rfi/LB+addr-rfi-ctrlfencei+ctrl-rfi-ctrlfencei.litmus
/opt/litmus-tests-riscv/tests/to-AArch64/RV+LB+ctrl+popx.litmus
/opt/litmus-tests-riscv/tests/to-AArch64/RV+MP+[rf-fence.r.rw-ws]+addr.litmus
/opt/litmus-tests-riscv/tests/non-mixed-size/SAFE/MP+fence.rw.w+[fr-fence.rw.rw-rf].litmus
/opt/litmus-tests-riscv/tests/non-mixed-size/SAFE/WRC+fence.rw.w+fence.rw.rw.litmus
/opt/litmus-tests-riscv/tests/non-mixed-size/ATOMICS/CO/WRC+pos+pospx.litmus
/opt/litmus-tests-riscv/tests/to-AArch64/RV+MP+pos-rfi-data+ctrl-rfi-addr.litmus
/opt/litmus-tests-riscv/tests/non-mixed-size/ATOMICS/CO/R+fence.rw.rws+fence.rw.rwspx.litmus
/opt/litmus-tests-riscv/tests/non-mixed-size/SAFE/S+fence.rw.w-[rf-fr]+ctrl.litmus
/opt/litmus-tests-riscv/tests/non-mixed-size/HAND/RSW+W.litmus
/opt/litmus-tests-riscv/tests/non-mixed-size/HAND/Andy27.litmus
/opt/litmus-tests-riscv/tests/non-mixed-size/SF_THESIS/BASIC/ISA2+po+addr+addr.litmus
/opt/litmus-tests-riscv/tests/non-mixed-size/SAFE/ISA2+pos+data+ctrlfencei.litmus
/opt/litmus-tests-riscv/tests/to-AArch64/RV+SB+pos-po-addrss.litmus
/opt/litmus-tests-riscv/tests/non-mixed-size/ATOMICS/CO/CoRW2+pospx.litmus
/opt/litmus-tests-riscv/tests/non-mixed-size/ATOMICS/CO/RWC+pospx+fence.rw.rwsxp.litmus
/opt/litmus-tests-riscv/tests/to-AArch64/RV+R+fence.w.w+rfi-ctrlfencei.litmus
/opt/litmus-tests-riscv/tests/non-mixed-size/RELAX/Rfi/S+rfi-ctrl+data-rfi-ctrlfencei.litmus
/opt/litmus-tests-riscv/tests/non-mixed-size/AMO_X0_2_THREAD/S+poprl+po+NEW.litmus
/opt/litmus-tests-riscv/tests/non-mixed-size/SF_THESIS/BASIC/Z6.0.litmus
/opt/litmus-tests-riscv/tests/to-AArch64/RV+MP+fence.w.w+[fr-rf]-ctrlfencei.litmus
/opt/litmus-tests-riscv/tests/non-mixed-size/SAFE/LB+[fr-fence.rw.rw-ws]+fence.rw.w.litmus
/opt/litmus-tests-riscv/tests/non-mixed-size/SAFE/ISA2+fence.w.w+ctrlfencei+fence.rw.rws.litmus
/opt/litmus-tests-riscv/tests/to-AArch64/RV+Z6.4+fence.w.w+fence.rw.rw+fence.rw.rw.litmus
/opt/litmus-tests-riscv/tests/to-AArch64/RV+Z6.2+fence.w.w+addr+fence.r.rw.litmus
/opt/litmus-tests-riscv/tests/non-mixed-size/RELAX/Fri-Rfi/LB+data+fri-rfi-data.litmus
/opt/litmus-tests-riscv/tests/to-AArch64/RV+SB+pos-po-addrs.litmus
/opt/litmus-tests-riscv/tests/non-mixed-size/SAFE/S+fence.w.w+[fr-rf]-fence.rw.rw.litmus
/opt/litmus-tests-riscv/tests/to-AArch64/RV+Z6.0+pos+fence.r.rw+fence.rw.rw.litmus
/opt/litmus-tests-riscv/tests/non-mixed-size/SAFE/WRC+fence.rw.rw+ctrlfencei.litmus
/opt/litmus-tests-riscv/tests/non-mixed-size/RELAX/Rfi/LB+ctrl-rfi-data+ctrlfencei-rfi-data.litmus
/opt/litmus-tests-riscv/tests/to-AArch64/RV+LB+addr+addr-wsi-rfi-addr.litmus
/opt/litmus-tests-riscv/tests/non-mixed-size/SAFE/S+[rf-ctrlfencei-fr]+data.litmus
/opt/litmus-tests-riscv/tests/non-mixed-size/SF_THESIS/BASIC/3.LB+fence.rw.rw+fence.rw.rw+ctrl.litmus
/opt/litmus-tests-riscv/tests/non-mixed-size/FENCE.TSO/2/R+fence.tso+fence.tsopx.litmus
/opt/litmus-tests-riscv/tests/to-AArch64/RV+ISA2+fence.w.w+ctrlfencei+fence.rw.rws.litmus
/opt/litmus-tests-riscv/tests/to-AArch64/RV+Z6.2+fence.w.w+addr+ctrlfencei.litmus
/opt/litmus-tests-riscv/tests/non-mixed-size/SAFE/3.LB+addr+ctrlfencei+ctrl.litmus
/opt/litmus-tests-riscv/tests/to-AArch64/RV+R+po+fence.rw.rw.litmus
/opt/litmus-tests-riscv/tests/to-AArch64/RV+LB+fence.rw.rw-[fr-ws]+ctrlfencei.litmus
/opt/litmus-tests-riscv/tests/non-mixed-size/ATOMICS/CO/WRR+2W+fence.rw.rws+pos+X.litmus
/opt/litmus-tests-riscv/tests/to-AArch64/RV+LB+ctrl-rfi-addr+ctrlfencei-rfi-addr.litmus
/opt/litmus-tests-riscv/tests/non-mixed-size/RELAX/Rfi/2+2W+fence.rw.w+rfi-ctrl.litmus
/opt/litmus-tests-riscv/tests/to-AArch64/RV+S+fence.i+data.litmus
/opt/litmus-tests-riscv/tests/non-mixed-size/RELAX/Rfi/MP+fence.w.w+addr-rfi-ctrlfenceis.litmus
/opt/litmus-tests-riscv/tests/non-mixed-size/RELAX/Rfi/MP+rfi-addr+ctrlfencei-rfi-ctrlfencei.litmus
/opt/litmus-tests-riscv/tests/non-mixed-size/ATOMICS/CO/MP+pos+pospx.litmus
/opt/litmus-tests-riscv/tests/to-AArch64/RV+WRW+2W+fence.rw.rws.litmus
/opt/litmus-tests-riscv/tests/non-mixed-size/ATOMICS/CO/SB+fence.rw.rwsxxs.litmus
/opt/litmus-tests-riscv/tests/non-mixed-size/RELAX/Rfi/MP+pos-rfi-ctrlfencei+fence.rw.rw.litmus
/opt/litmus-tests-riscv/tests/non-mixed-size/CO/2+2W+poss.litmus
/opt/litmus-tests-riscv/tests/non-mixed-size/SAFE/Z6.3+fence.rw.rw+fence.rw.w+ctrlfencei.litmus
/opt/litmus-tests-riscv/tests/non-mixed-size/SAFE/Z6.2+fence.rw.rw+addr+fence.rw.w.litmus
/opt/litmus-tests-riscv/tests/to-AArch64/RV+IRWIW+addr+ctrl.litmus
/opt/litmus-tests-riscv/tests/non-mixed-size/SF_THESIS/BASIC/ISA2+po+data+addr.litmus
/opt/litmus-tests-riscv/tests/non-mixed-size/ATOMICS/CO/WRC+fence.rw.rwspx+fence.rw.rwsxp.litmus
/opt/litmus-tests-riscv/tests/non-mixed-size/SAFE/Z6.2+fence.rw.rw+fence.r.rw+fence.r.rw.litmus
/opt/litmus-tests-riscv/tests/to-AArch64/RV+WWC+data+ctrl.litmus
/opt/litmus-tests-riscv/tests/non-mixed-size/SF_THESIS/HAND/PPOAA.litmus
/opt/litmus-tests-riscv/tests/non-mixed-size/SAFE/3.LB+fence.rw.rw+ctrl+pos.litmus
/opt/litmus-tests-riscv/tests/non-mixed-size/SAFE/3.LB+fence.r.rw+data+ctrlfencei.litmus
/opt/litmus-tests-riscv/tests/to-AArch64/RV+WWC+ctrl+fence.r.rw.litmus
/opt/litmus-tests-riscv/tests/to-AArch64/RV+LB+fence.r.rw+ctrlfencei.litmus
/opt/litmus-tests-riscv/tests/non-mixed-size/RELAX/Rfi/R+pos-rfi-ctrl+fence.rw.rw.litmus
/opt/litmus-tests-riscv/tests/non-mixed-size/SAFE/W+RWC+fence.rw.w+ctrlfenceis+fence.rw.rw.litmus
/opt/litmus-tests-riscv/tests/to-AArch64/RV+LB+ctrl-rfi-addr+ctrl-rfi-data.litmus
/opt/litmus-tests-riscv/tests/to-AArch64/RV+ISA2+fence.rw.rw+data+ctrlfenceis.litmus
/opt/litmus-tests-riscv/tests/non-mixed-size/SAFE/Z6.0+fence.w.w+addr+fence.rw.rw.litmus
/opt/litmus-tests-riscv/tests/non-mixed-size/SAFE/WRW+2W+fence.r.rw+fence.rw.w.litmus
/opt/litmus-tests-riscv/tests/to-AArch64/RV+3.LB+ctrl+ctrlfencei+pos.litmus
/opt/litmus-tests-riscv/tests/non-mixed-size/SAFE/ISA2+pos+data+fence.rw.rw.litmus
/opt/litmus-tests-riscv/tests/non-mixed-size/SAFE/IRWIW+fence.rw.w+ctrlfencei.litmus
/opt/litmus-tests-riscv/tests/non-mixed-size/SF_THESIS/BASIC/Z6.0+fence.rw.rw+ctrlfencei+fence.rw.rw.litmus
/opt/litmus-tests-riscv/tests/to-AArch64/RV+ISA2+fence.w.w+fence.rw.rw+fence.rw.rws.litmus
/opt/litmus-tests-riscv/tests/non-mixed-size/ATOMICS/CO/RWC+fence.rw.rwspx+fence.rw.rwsxp.litmus
/opt/litmus-tests-riscv/tests/non-mixed-size/RELAX/PodWR/SB+fence.rw.rw+pos-po.litmus
/opt/litmus-tests-riscv/tests/to-AArch64/RV+R+fence.w.w+[rf-data-rf].litmus
/opt/litmus-tests-riscv/tests/to-AArch64/RV+Z6.2+fence.w.w+pos+ctrl.litmus
/opt/litmus-tests-riscv/tests/to-AArch64/RV+MP+pos-rfi-addr+fence.r.rw.litmus
/opt/litmus-tests-riscv/tests/to-AArch64/RV+S+fence.w.w+ctrl-rfi-ctrlfencei.litmus
/opt/litmus-tests-riscv/tests/non-mixed-size/RELAX/Fence.w.wdRW/LB+fence.w.w+ctrlfencei.litmus
/opt/litmus-tests-riscv/tests/non-mixed-size/SAFE/3.LB+fence.rw.rw+data+ctrl.litmus
/opt/litmus-tests-riscv/tests/to-AArch64/RV+MP+fence.rw.rw+ctrl-rfi.litmus
/opt/litmus-tests-riscv/tests/non-mixed-size/HAND/SWAP-LR-SC+FULL.litmus
/opt/litmus-tests-riscv/tests/to-AArch64/RV+MP+rfi-data+data-rfi.litmus
/opt/litmus-tests-riscv/tests/to-AArch64/RV+S+rfi-ctrl+data-rfi-addr.litmus
/opt/litmus-tests-riscv/tests/non-mixed-size/RELAX/Rfi/S+fence.rw.w+ctrlfencei-rfi-addr.litmus
/opt/litmus-tests-riscv/tests/to-AArch64/RV+S+rfi-ctrlfencei+addr.litmus
/opt/litmus-tests-riscv/tests/non-mixed-size/SAFE/3.LB+fence.r.rw+ctrlfencei+fence.rw.rw.litmus
/opt/litmus-tests-riscv/tests/to-AArch64/RV+S+fence.rw.rw+ctrl-rfi-ctrl.litmus
/opt/litmus-tests-riscv/tests/non-mixed-size/SAFE/3.LB+fence.rw.rw+addr+pos.litmus
/opt/litmus-tests-riscv/tests/non-mixed-size/SAFE/S+[rf-fence.rw.w-ws]+ctrlfencei.litmus
/opt/litmus-tests-riscv/tests/to-AArch64/RV+S+fence.rw.rw+addr-rfi-addr.litmus
/opt/litmus-tests-riscv/tests/non-mixed-size/SF_THESIS/BASIC/WRC+ctrlfenceis.litmus
/opt/litmus-tests-riscv/tests/to-AArch64/RV+W+RWC+fence.w.w+addr+fence.rw.rws.litmus
/opt/litmus-tests-riscv/tests/to-AArch64/RV+WRR+2W+ctrlfencei+fence.w.w.litmus
/opt/litmus-tests-riscv/tests/to-AArch64/RV+WRC+ctrlfencei+fence.r.rw.litmus
/opt/litmus-tests-riscv/tests/non-mixed-size/ATOMICS/CO/R+fence.rw.rws+fence.rw.rwsxx.litmus
/opt/litmus-tests-riscv/tests/non-mixed-size/RELAX/Rfi/LB+data-rfi-ctrl+ctrlfencei-rfi-data.litmus
/opt/litmus-tests-riscv/tests/non-mixed-size/RELAX/PodWR/R+fence.w.w+po.litmus
/opt/litmus-tests-riscv/tests/non-mixed-size/SAFE/LB+[fr-rf]-ctrlfencei+ctrl.litmus
/opt/litmus-tests-riscv/tests/to-AArch64/RV+MP+rfi-ctrlfencei+ctrlfencei-rfi-ctrlfencei.litmus
/opt/litmus-tests-riscv/tests/non-mixed-size/SAFE/3.LB+fence.r.rw+ctrl+addr.litmus
/opt/litmus-tests-riscv/tests/to-AArch64/RV+SB+fence.rw.rw+pos-pos-addr.litmus
/opt/litmus-tests-riscv/tests/non-mixed-size/ATOMICS/CO/SB+fence.rw.rws+fence.rw.rwspx.litmus
/opt/litmus-tests-riscv/tests/non-mixed-size/RELAX/PosWR/R+fence.rw.w+pos-addr.litmus
/opt/litmus-tests-riscv/tests/non-mixed-size/SF_THESIS/BASIC/3.LB+datas.litmus
/opt/litmus-tests-riscv/tests/non-mixed-size/AMO_X0_2_THREAD/MP+poarar+po+NEW.litmus
/opt/litmus-tests-riscv/tests/non-mixed-size/SF_THESIS/BASIC/RWC+fence.rw.rw+po.litmus
/opt/litmus-tests-riscv/tests/to-AArch64/RV+LB+[fr-rf]-fence.r.rw+ctrl.litmus
/opt/litmus-tests-riscv/tests/to-AArch64/RV+LB+ctrl+addr-fri-rfi-addr.litmus
/opt/litmus-tests-riscv/tests/non-mixed-size/AMO_X0_2_THREAD/MP+poarar+popar+NEW.litmus
/opt/litmus-tests-riscv/tests/non-mixed-size/SAFE/Z6.1+fence.rw.rw+fence.w.w+ctrlfencei.litmus
/opt/litmus-tests-riscv/tests/non-mixed-size/AMO_X0_2_THREAD/S+po+poarp+NEW.litmus
/opt/litmus-tests-riscv/tests/non-mixed-size/SAFE/Z6.0+fence.rw.rw+fence.r.rw+fence.rw.rw.litmus
/opt/litmus-tests-riscv/tests/non-mixed-size/RELAX/Rfi/S+fence.w.w+addr-rfi-data.litmus
/opt/litmus-tests-riscv/tests/non-mixed-size/ATOMICS/CO/WRC+posxp+fence.rw.rwsxp.litmus
/opt/litmus-tests-riscv/tests/non-mixed-size/SF_THESIS/CO/WRC+pos+fence.rw.rws.litmus
/opt/litmus-tests-riscv/tests/to-AArch64/RV+S+[rf-data-ws]+fence.rw.rw.litmus
/opt/litmus-tests-riscv/tests/to-AArch64/RV+S+[rf-fence.r.rw-fr]+addr.litmus
/opt/litmus-tests-riscv/tests/non-mixed-size/SAFE/Z6.2+fence.w.w+ctrlfencei+addr.litmus
/opt/litmus-tests-riscv/tests/non-mixed-size/AMO_X0_2_THREAD/R+poarars+NEW.litmus
/opt/litmus-tests-riscv/tests/to-AArch64/RV+IRRWIW+fence.rw.rw+addr.litmus
/opt/litmus-tests-riscv/tests/non-mixed-size/SAFE/ISA2+fence.rw.w+ctrl+addrs.litmus
/opt/litmus-tests-riscv/tests/to-AArch64/RV+S+fence.rw.rw+addr-wsi-rfi-ctrl.litmus
/opt/litmus-tests-riscv/tests/non-mixed-size/SAFE/MP+[ws-rf]-ctrl+ctrlfencei.litmus
/opt/litmus-tests-riscv/tests/non-mixed-size/ATOMICS/CO/LB+pos+pospx.litmus
/opt/litmus-tests-riscv/tests/to-AArch64/RV+ISA2+fence.rw.rw+ctrl+addrs.litmus
/opt/litmus-tests-riscv/tests/to-AArch64/RV+LB+addr-rfi-addr+data-rfi-data.litmus
/opt/litmus-tests-riscv/tests/non-mixed-size/SAFE/3.2W+fence.w.w+fence.rw.w+fence.rw.w.litmus
/opt/litmus-tests-riscv/tests/non-mixed-size/SAFE/Z6.2+fence.rw.w+ctrlfencei+fence.rw.rw.litmus
/opt/litmus-tests-riscv/tests/non-mixed-size/SAFE/Z6.1+fence.rw.rws.litmus
/opt/litmus-tests-riscv/tests/non-mixed-size/FENCE.TSO/2/MP+fence.tsopx+fence.tsoxp.litmus
/opt/litmus-tests-riscv/tests/non-mixed-size/RELAX/Rfi/MP+rfi-data+fence.r.rw.litmus
/opt/litmus-tests-riscv/tests/non-mixed-size/SAFE/Z6.0+fence.w.w+fence.rw.rw+fence.rw.rw.litmus
/opt/litmus-tests-riscv/tests/non-mixed-size/RELAX/Fri-Rfi/LB+data+ctrl-fri-rfi-addr.litmus
/opt/litmus-tests-riscv/tests/non-mixed-size/SAFE/ISA2+fence.w.w+fence.r.rw+ctrlfencei.litmus
/opt/litmus-tests-riscv/tests/non-mixed-size/SAFE/Z6.2+fence.rw.rw+fence.rw.rw+fence.rw.w.litmus
/opt/litmus-tests-riscv/tests/non-mixed-size/ATOMICS/CO/S+fence.rw.rwsxp+fence.rw.rwspx.litmus
/opt/litmus-tests-riscv/tests/non-mixed-size/RELAX/Rfi/SB+rfi-addr+rfi-ctrlfencei.litmus
/opt/litmus-tests-riscv/tests/non-mixed-size/RELAX/Rfi/S+rfi-ctrl+data-rfi-data.litmus
/opt/litmus-tests-riscv/tests/non-mixed-size/SAFE/IRIW+fence.rw.rws.litmus
/opt/litmus-tests-riscv/tests/to-AArch64/RV+WRW+WR+fence.r.rw+fence.rw.rw.litmus
/opt/litmus-tests-riscv/tests/to-AArch64/RV+SB+po-ctrlfenceis+pos-po-ctrlfencei.litmus
/opt/litmus-tests-riscv/tests/non-mixed-size/SF_THESIS/BASIC/WWC+ctrlfencei+data.litmus
/opt/litmus-tests-riscv/tests/to-AArch64/RV+R+[ws-rf]-ctrl+fence.rw.rw.litmus
/opt/litmus-tests-riscv/tests/non-mixed-size/SAFE/Z6.0+fence.w.w+fence.rw.w+fence.rw.rw.litmus
/opt/litmus-tests-riscv/tests/non-mixed-size/ATOMICS/CO/RWC+fence.rw.rws+pospx+X.litmus
/opt/litmus-tests-riscv/tests/non-mixed-size/ATOMICS/CO/MP+fence.rw.rwsxp+pos.litmus
/opt/litmus-tests-riscv/tests/non-mixed-size/SAFE/MP+fence.w.w-[rf-fr]+fence.rw.rw.litmus
/opt/litmus-tests-riscv/tests/to-AArch64/RV+Z6.2+fence.rw.rw+fence.r.rw+ctrl.litmus
/opt/litmus-tests-riscv/tests/non-mixed-size/SAFE/W+RWC+fence.w.w+fence.r.rws+fence.rw.rw.litmus
/opt/litmus-tests-riscv/tests/to-AArch64/RV+LB+addr-rfi-ctrl+data-rfi-ctrl.litmus
/opt/litmus-tests-riscv/tests/non-mixed-size/ATOMICS/CO/CoRR+fence.rw.rws+X.litmus
/opt/litmus-tests-riscv/tests/to-AArch64/RV+LB+fence.r.rw+addr-rfi-data.litmus
/opt/litmus-tests-riscv/tests/to-AArch64/RV+SB+pos-ctrlfencei+pos-pos-addr.litmus
/opt/litmus-tests-riscv/tests/to-AArch64/RV+ISA2+fence.w.w+fence.r.rw+fence.rw.rws.litmus
/opt/litmus-tests-riscv/tests/non-mixed-size/SAFE/S+fence.w.w+[fr-fence.rw.rw-fr].litmus
/opt/litmus-tests-riscv/tests/non-mixed-size/SAFE/S+[rf-ctrlfencei-ws]+fence.r.rw.litmus
/opt/litmus-tests-riscv/tests/non-mixed-size/RELAX/Rfi/MP+rfi-ctrl+ctrlfencei-rfi-addrs.litmus
/opt/litmus-tests-riscv/tests/to-AArch64/RV+IRRWIW+addr+fence.rw.rw.litmus
/opt/litmus-tests-riscv/tests/non-mixed-size/RELAX/Rfi/LB+ctrl+data-rfi-ctrlfencei.litmus
/opt/litmus-tests-riscv/tests/to-AArch64/RV+MP+fence.w.w+addr-rfi-addr.litmus
/opt/litmus-tests-riscv/tests/non-mixed-size/SAFE/Z6.3+fence.rw.w+fence.rw.w+fence.rw.rws.litmus
/opt/litmus-tests-riscv/tests/to-AArch64/RV+MP+pos-rfi-addr+data-rfi-ctrlfencei.litmus
/opt/litmus-tests-riscv/tests/non-mixed-size/SAFE/LB+[fr-rf]-data+data.litmus
/opt/litmus-tests-riscv/tests/non-mixed-size/SF_THESIS/BASIC/SB.litmus
/opt/litmus-tests-riscv/tests/non-mixed-size/ATOMICS/CO/WRC+fence.rw.rws+posxp.litmus
/opt/litmus-tests-riscv/tests/non-mixed-size/ATOMICS/CO/WWC+fence.rw.rwsxp+fence.rw.rws+X.litmus
/opt/litmus-tests-riscv/tests/non-mixed-size/SAFE/ISA2+fence.rw.w+data+ctrlfencei.litmus
/opt/litmus-tests-riscv/tests/non-mixed-size/CO/MP+fence.rw.rws+pos.litmus
/opt/litmus-tests-riscv/tests/to-AArch64/RV+Z6.2+fence.rw.rw+fence.rw.rw+addr.litmus
/opt/litmus-tests-riscv/tests/to-AArch64/RV+IRWIW+fence.r.rw+data.litmus
/opt/litmus-tests-riscv/tests/to-AArch64/RV+LB+fence.i+fence.rw.rw.litmus
/opt/litmus-tests-riscv/tests/non-mixed-size/ATOMICS/CO/WWC+pospx+fence.rw.rws.litmus
/opt/litmus-tests-riscv/tests/non-mixed-size/SF_THESIS/BASIC/Z6.5+fence.rw.rw+po+po.litmus
/opt/litmus-tests-riscv/tests/non-mixed-size/SF_THESIS/BASIC/W+RWC+fence.rw.rw+ctrl+fence.rw.rw.litmus
/opt/litmus-tests-riscv/tests/non-mixed-size/SAFE/3.LB+fence.rw.w+ctrl+ctrlfencei.litmus
/opt/litmus-tests-riscv/tests/non-mixed-size/SF_THESIS/BASIC/Z6.2+po+addr+ctrl.litmus
/opt/litmus-tests-riscv/tests/non-mixed-size/SAFE/3.LB+fence.rw.rw+ctrl+ctrl.litmus
/opt/litmus-tests-riscv/tests/non-mixed-size/SAFE/ISA2+fence.rw.rw+fence.r.rw+fence.rw.rw.litmus
/opt/litmus-tests-riscv/tests/non-mixed-size/RELAX/Rfi/LB+addr-rfi-ctrl+data-rfi-data.litmus
/opt/litmus-tests-riscv/tests/to-AArch64/RV+W+RWC+fence.rw.rw+fence.r.rws+fence.rw.rw.litmus
/opt/litmus-tests-riscv/tests/non-mixed-size/SAFE/R+fence.rw.rw+[rf-fence.r.rw-rf].litmus
/opt/litmus-tests-riscv/tests/non-mixed-size/SF_THESIS/BASIC/WRC+addr+po.litmus
/opt/litmus-tests-riscv/tests/to-AArch64/RV+LB+fence.rw.rw+fence.rw.rw-[rf-fr].litmus
/opt/litmus-tests-riscv/tests/to-AArch64/RV+LB+addr-[fr-ws]+ctrl.litmus
/opt/litmus-tests-riscv/tests/non-mixed-size/RELAX/Rfi/S+fence.rw.rw+addr-rfi-addr.litmus
/opt/litmus-tests-riscv/tests/non-mixed-size/SAFE/3.LB+addrs.litmus
/opt/litmus-tests-riscv/tests/to-AArch64/RV+MP+fence.rw.rw+addr.litmus
/opt/litmus-tests-riscv/tests/to-AArch64/RV+LB+[fr-fence.rw.rw-fr]+addr.litmus
/opt/litmus-tests-riscv/tests/non-mixed-size/SAFE/W+RWC+fence.rw.rw+fence.r.rw+fence.rw.rws.litmus
/opt/litmus-tests-riscv/tests/non-mixed-size/SAFE/WWC+ctrl+addr.litmus
/opt/litmus-tests-riscv/tests/to-AArch64/RV+LB+addr+addr-fri-rfi-ctrl.litmus
/opt/litmus-tests-riscv/tests/non-mixed-size/SF_THESIS/BASIC/Z6.4+po+po+fence.rw.rw.litmus
/opt/litmus-tests-riscv/tests/to-AArch64/RV+S+rfi-ctrlfencei+ctrlfencei-rfi-ctrl.litmus
/opt/litmus-tests-riscv/tests/non-mixed-size/RELAX/Rfi/LB+ctrl-rfi-ctrl+ctrl-rfi-ctrlfencei.litmus
/opt/litmus-tests-riscv/tests/non-mixed-size/SF_THESIS/HAND/RDW.litmus
/opt/litmus-tests-riscv/tests/to-AArch64/RV+SB+pos-pos-addrs.litmus
/opt/litmus-tests-riscv/tests/non-mixed-size/RELAX/Rfi/S+rfi-data+ctrlfencei-rfi-ctrlfencei.litmus
/opt/litmus-tests-riscv/tests/non-mixed-size/RELAX/Rfi/MP+rfi-data+addr-rfi-addr.litmus
/opt/litmus-tests-riscv/tests/non-mixed-size/SF_THESIS/BASIC/WRR+2W+ctrlfencei+fence.rw.rw.litmus
/opt/litmus-tests-riscv/tests/non-mixed-size/CO/WRR+2W+fence.rw.rws+pos.litmus
/opt/litmus-tests-riscv/tests/non-mixed-size/RELAX/Fence.w.wdRW/LB+fence.w.ws.litmus
/opt/litmus-tests-riscv/tests/to-AArch64/RV+MP+[rf-fr]-fence.w.w+fence.rw.rw.litmus
/opt/litmus-tests-riscv/tests/non-mixed-size/HAND/2+2W+fence.w.w+fence.tso.litmus
/opt/litmus-tests-riscv/tests/to-AArch64/RV+LB+data+po.litmus
/opt/litmus-tests-riscv/tests/to-AArch64/RV+LB+fence.r.rw+addr-rfi-ctrlfencei.litmus
/opt/litmus-tests-riscv/tests/non-mixed-size/SAFE/MP+[rf-fence.rw.rw-ws]+ctrlfencei.litmus
/opt/litmus-tests-riscv/tests/non-mixed-size/ATOMICS/CO/S+fence.rw.rwsxp+fence.rw.rws.litmus
/opt/litmus-tests-riscv/tests/to-AArch64/RV+ISA2+fence.w.w+fence.rw.rw+fence.r.rw.litmus
/opt/litmus-tests-riscv/tests/non-mixed-size/ATOMICS/CO/WRR+2W+fence.rw.rws+posxx.litmus
/opt/litmus-tests-riscv/tests/to-AArch64/RV+S+fence.rw.rw+poxp.litmus
/opt/litmus-tests-riscv/tests/to-AArch64/RV+S+rfi-ctrl+data.litmus
/opt/litmus-tests-riscv/tests/non-mixed-size/SAFE/S+fence.w.w+ctrl.litmus
/opt/litmus-tests-riscv/tests/non-mixed-size/SAFE/ISA2+fence.w.w+fence.rw.w+fence.r.rws.litmus
/opt/litmus-tests-riscv/tests/non-mixed-size/SAFE/MP+fence.rw.rw+fence.r.rw-[fr-rf].litmus
/opt/litmus-tests-riscv/tests/to-AArch64/RV+MP+fence.rw.rw+data-rfi-ctrlfencei.litmus
/opt/litmus-tests-riscv/tests/non-mixed-size/SAFE/S+fence.rw.rw+[fr-rf]-fence.rw.w.litmus
/opt/litmus-tests-riscv/tests/to-AArch64/RV+LB+[fr-rf]-ctrlfencei+ctrl.litmus
/opt/litmus-tests-riscv/tests/non-mixed-size/ATOMICS/CO/WWC+fence.rw.rwsxx+posxp+X.litmus
/opt/litmus-tests-riscv/tests/to-AArch64/RV+LB+fence.w.w+fence.rw.rw.litmus
/opt/litmus-tests-riscv/tests/non-mixed-size/AMO_X0_2_THREAD/SB+po+popar+NEW.litmus
/opt/litmus-tests-riscv/tests/non-mixed-size/SF_THESIS/BASIC/3.LB+fence.rw.rw+po+ctrlfencei.litmus
/opt/litmus-tests-riscv/tests/to-AArch64/RV+LB+[fr-rf]-data+data.litmus
/opt/litmus-tests-riscv/tests/to-AArch64/RV+ISA2+pos+data+ctrlfencei.litmus
/opt/litmus-tests-riscv/tests/non-mixed-size/RELAX/Rfi/LB+addr-rfi-data+ctrlfencei-rfi-ctrlfencei.litmus
/opt/litmus-tests-riscv/tests/non-mixed-size/HAND/ISA-DEP-ADDR.litmus
/opt/litmus-tests-riscv/tests/non-mixed-size/ATOMICS/CO/R+pos+posxp.litmus
/opt/litmus-tests-riscv/tests/non-mixed-size/SAFE/R+fence.w.w+[rf-fence.rw.rw-rf].litmus
/opt/litmus-tests-riscv/tests/non-mixed-size/ATOMICS/CO/WWC+fence.rw.rwss+X.litmus
/opt/litmus-tests-riscv/tests/to-AArch64/RV+LB+[fr-fence.rw.rw-ws]+data.litmus
/opt/litmus-tests-riscv/tests/non-mixed-size/ATOMICS/CO/2+2W+fence.rw.rwsxp+pospx.litmus
/opt/litmus-tests-riscv/tests/non-mixed-size/SF_THESIS/BASIC/WRW+WR+fence.rw.rw+po.litmus
/opt/litmus-tests-riscv/tests/non-mixed-size/SAFE/MP+[rf-fr]-fence.rw.w+ctrlfencei.litmus
/opt/litmus-tests-riscv/tests/non-mixed-size/RELAX/Rfi/MP+rfi-data+data-rfi.litmus
/opt/litmus-tests-riscv/tests/to-AArch64/RV+MP+rfi-data+ctrlfencei.litmus
/opt/litmus-tests-riscv/tests/to-AArch64/RV+S+fence.w.w+data-rfi-data.litmus
/opt/litmus-tests-riscv/tests/non-mixed-size/SF_THESIS/BASIC/Z6.0+po+fence.rw.rw+po.litmus
/opt/litmus-tests-riscv/tests/non-mixed-size/AMO_X0_2_THREAD/R+poarp+poarar+NEW.litmus
/opt/litmus-tests-riscv/tests/non-mixed-size/RELAX/Rfi/S+rfi-addr+ctrlfencei-rfi-data.litmus
/opt/litmus-tests-riscv/tests/non-mixed-size/SAFE/3.LB+addr+data+ctrl.litmus
/opt/litmus-tests-riscv/tests/non-mixed-size/SAFE/Z6.2+fence.rw.rw+ctrl+addr.litmus
/opt/litmus-tests-riscv/tests/to-AArch64/RV+SB+pos-po+pos-po-ctrlfenceis.litmus
/opt/litmus-tests-riscv/tests/non-mixed-size/RELAX/Fri-Rfi/LB+ctrl+addr-fri-rfi-addr.litmus
/opt/litmus-tests-riscv/tests/to-AArch64/RV+S+fence.rw.rw-[rf-fr]+ctrl.litmus
/opt/litmus-tests-riscv/tests/non-mixed-size/RELAX/Rfi/LB+ctrlfencei-rfi-ctrlfenceis.litmus
/opt/litmus-tests-riscv/tests/non-mixed-size/SAFE/3.LB+fence.rw.w+fence.rw.rw+ctrl.litmus
/opt/litmus-tests-riscv/tests/non-mixed-size/SAFE/Z6.2+fence.w.w+ctrl+fence.rw.w.litmus
/opt/litmus-tests-riscv/tests/to-AArch64/RV+2+2W+rfi-ctrlfenceis.litmus
/opt/litmus-tests-riscv/tests/non-mixed-size/ATOMICS/CO/CoRW1+posxx.litmus
/opt/litmus-tests-riscv/tests/non-mixed-size/SAFE/Z6.3+fence.rw.w+fence.rw.w+addrs.litmus
/opt/litmus-tests-riscv/tests/non-mixed-size/SAFE/MP+fence.rw.w+fence.rw.rw-[fr-rf].litmus
/opt/litmus-tests-riscv/tests/to-AArch64/RV+LB+fence.rw.rw+data-wsi-rfi-ctrl.litmus
/opt/litmus-tests-riscv/tests/non-mixed-size/SAFE/WWC+fence.rw.rw+fence.rw.w.litmus
/opt/litmus-tests-riscv/tests/non-mixed-size/SAFE/LB+addr+addr-[fr-ws].litmus
/opt/litmus-tests-riscv/tests/to-AArch64/RV+MP+[rf-ctrlfencei-fr]+addr.litmus
/opt/litmus-tests-riscv/tests/non-mixed-size/SF_THESIS/HAND/SB+rfi-addrs.litmus
/opt/litmus-tests-riscv/tests/to-AArch64/RV+2+2W+fence.r.rws.litmus
/opt/litmus-tests-riscv/tests/non-mixed-size/SAFE/3.LB+ctrlfenceis.litmus
/opt/litmus-tests-riscv/tests/non-mixed-size/AMO_X0_2_THREAD/R+popar+poarar+NEW.litmus
/opt/litmus-tests-riscv/tests/non-mixed-size/SAFE/Z6.1+fence.rw.w+fence.w.w+ctrl.litmus
/opt/litmus-tests-riscv/tests/to-AArch64/RV+WRC+fence.rw.rws.litmus
/opt/litmus-tests-riscv/tests/to-AArch64/RV+LB+fri-rfi-addr+fri-rfi-data.litmus
/opt/litmus-tests-riscv/tests/non-mixed-size/BASIC_2_THREAD/LB+ctrl+po.litmus
/opt/litmus-tests-riscv/tests/to-AArch64/RV+S+fence.rw.rw+ctrlfencei-rfi-ctrl.litmus
/opt/litmus-tests-riscv/tests/non-mixed-size/RELAX/Rfi/R+pos-rfi-ctrlfencei+rfi-ctrlfencei.litmus
/opt/litmus-tests-riscv/tests/non-mixed-size/SAFE/LB+fence.r.rw+ctrlfencei-[fr-ws].litmus
/opt/litmus-tests-riscv/tests/to-AArch64/RV+SB+pos-po-addrs+pos-po-ctrlfenceis.litmus
/opt/litmus-tests-riscv/tests/non-mixed-size/SAFE/MP+fence.rw.rw-[fr-ws]+fence.rw.rw.litmus
/opt/litmus-tests-riscv/tests/to-AArch64/RV+S+fence.rw.rw+addr-fri-rfi-addr.litmus
/opt/litmus-tests-riscv/tests/to-AArch64/RV+SB+pos-ctrlfenceis.litmus
/opt/litmus-tests-riscv/tests/to-AArch64/RV+LB+[fr-rf]-addr+fence.r.rw.litmus
/opt/litmus-tests-riscv/tests/non-mixed-size/SAFE/W+RWC+fence.rw.w+fence.rw.rw+fence.rw.rw.litmus
/opt/litmus-tests-riscv/tests/non-mixed-size/RELAX/Rfi/LB+data+ctrl-rfi-ctrlfencei.litmus
/opt/litmus-tests-riscv/tests/non-mixed-size/SF_THESIS/BASIC/WRC+po+ctrlfencei.litmus
/opt/litmus-tests-riscv/tests/to-AArch64/RV+IRRWIW+addr+data.litmus
/opt/litmus-tests-riscv/tests/to-AArch64/RV+LB+data+ctrl-rfi-addr.litmus
/opt/litmus-tests-riscv/tests/non-mixed-size/SAFE/IRRWIW+fence.r.rw+fence.rw.rw.litmus
/opt/litmus-tests-riscv/tests/non-mixed-size/BASIC_2_THREAD/LB+data+ctrl.litmus
/opt/litmus-tests-riscv/tests/to-AArch64/RV+3.LB+fence.r.rw+fence.rw.rw+pos.litmus
/opt/litmus-tests-riscv/tests/non-mixed-size/RELAX/Fence.idRW/LB+fence.is.litmus
/opt/litmus-tests-riscv/tests/non-mixed-size/SAFE/Z6.3+fence.w.w+fence.w.w+addr.litmus
/opt/litmus-tests-riscv/tests/non-mixed-size/SAFE/LB+[fr-rf]-fence.rw.rw+fence.rw.w.litmus
/opt/litmus-tests-riscv/tests/to-AArch64/RV+MP+fence.rw.rw+ctrlfencei-rfi.litmus
/opt/litmus-tests-riscv/tests/to-AArch64/RV+SB+fence.rw.rw+pos-rfi-ctrlfencei.litmus
/opt/litmus-tests-riscv/tests/to-AArch64/RV+MP+rfi-ctrl+data-rfi-ctrlfenceis.litmus
/opt/litmus-tests-riscv/tests/to-AArch64/RV+LB+[fr-rf]-ctrl+fence.rw.rw.litmus
/opt/litmus-tests-riscv/tests/non-mixed-size/ATOMICS/CO/LB+fence.rw.rwspx+posxp.litmus
/opt/litmus-tests-riscv/tests/to-AArch64/RV+3.LB+fence.rw.rw+fence.rw.rw+data.litmus
/opt/litmus-tests-riscv/tests/to-AArch64/RV+LB+addr-rfi-addr+ctrlfencei-rfi-addr.litmus
/opt/litmus-tests-riscv/tests/to-AArch64/RV+S+rfi-ctrlfencei+ctrlfencei-rfi-addr.litmus
/opt/litmus-tests-riscv/tests/to-AArch64/RV+MP+fence.w.w+ctrlfencei-rfi-ctrlfenceis.litmus
/opt/litmus-tests-riscv/tests/to-AArch64/RV+LB+data+data-rfi-ctrl.litmus
/opt/litmus-tests-riscv/tests/non-mixed-size/SF_THESIS/BASIC/ISA2+po+fence.rw.rw+fence.rw.rw.litmus
/opt/litmus-tests-riscv/tests/to-AArch64/RV+S+fence.rw.rw-[fr-ws]+ctrl.litmus
/opt/litmus-tests-riscv/tests/non-mixed-size/SAFE/IRWIW+fence.rw.rw+ctrlfencei.litmus
/opt/litmus-tests-riscv/tests/to-AArch64/RV+MP+fence.rw.rw+ctrl-fri-rfi.litmus
/opt/litmus-tests-riscv/tests/non-mixed-size/RELAX/Rfi/LB+data-rfi-addr+ctrlfencei-rfi-data.litmus
/opt/litmus-tests-riscv/tests/non-mixed-size/SF_THESIS/BASIC/LB+addr+ctrlfencei.litmus
/opt/litmus-tests-riscv/tests/non-mixed-size/SAFE/IRRWIW+addr+ctrl.litmus
/opt/litmus-tests-riscv/tests/non-mixed-size/RELAX/Fence.r.rwdWW/MP+fence.r.rws.litmus
/opt/litmus-tests-riscv/tests/non-mixed-size/RELAX/Rfi/MP+rfi-ctrlfencei+ctrlfencei-rfi-addr.litmus
/opt/litmus-tests-riscv/tests/to-AArch64/RV+SB+rfi-addr-rfi+rfi-ctrlfencei-rfi.litmus
/opt/litmus-tests-riscv/tests/to-AArch64/RV+Z6.3+fence.w.w+fence.w.w+addrs.litmus
/opt/litmus-tests-riscv/tests/non-mixed-size/SAFE/Z6.0+fence.rw.rws.litmus
/opt/litmus-tests-riscv/tests/non-mixed-size/RELAX/Rfi/2+2W+rfi-ctrlfenceis.litmus
/opt/litmus-tests-riscv/tests/non-mixed-size/SF_THESIS/BASIC/3.LB+fence.rw.rw+ctrl+ctrl.litmus
/opt/litmus-tests-riscv/tests/to-AArch64/RV+R+rfi-data+rfi-addr.litmus
/opt/litmus-tests-riscv/tests/to-AArch64/RV+S+[rf-addr-ws]+addr.litmus
/opt/litmus-tests-riscv/tests/non-mixed-size/FENCE.TSO/2/MP+fence.tsoxp+fence.tsopx.litmus
/opt/litmus-tests-riscv/tests/to-AArch64/RV+Z6.2+fence.rw.rw+data+data.litmus
/opt/litmus-tests-riscv/tests/to-AArch64/RV+LB+fence.r.rw+data-rfi-data.litmus
/opt/litmus-tests-riscv/tests/non-mixed-size/SAFE/IRWIW+datas.litmus
/opt/litmus-tests-riscv/tests/to-AArch64/RV+SB+fence.rw.rw+po.litmus
/opt/litmus-tests-riscv/tests/non-mixed-size/ATOMICS/CO/WRC+posxp+fence.rw.rws.litmus
/opt/litmus-tests-riscv/tests/to-AArch64/RV+LB+[fr-fence.rw.rw-fr]+ctrlfencei.litmus
/opt/litmus-tests-riscv/tests/non-mixed-size/SAFE/S+fence.rw.rw+[fr-rf]-fence.r.rw.litmus
/opt/litmus-tests-riscv/tests/non-mixed-size/SF_THESIS/BASIC/WRC+fence.rw.rws.litmus
/opt/litmus-tests-riscv/tests/to-AArch64/RV+LB+data-[rf-fr]+ctrlfencei.litmus
/opt/litmus-tests-riscv/tests/non-mixed-size/SAFE/Z6.1+fence.w.w+fence.w.w+fence.rw.w.litmus
/opt/litmus-tests-riscv/tests/non-mixed-size/ATOMICS/CO/R+fence.rw.rws+pospx.litmus
/opt/litmus-tests-riscv/tests/non-mixed-size/RELAX/Rfi/S+rfi-ctrlfencei+ctrl-rfi-data.litmus
/opt/litmus-tests-riscv/tests/to-AArch64/RV+LB+addr-rfi-ctrl+ctrl-rfi-ctrl.litmus
/opt/litmus-tests-riscv/tests/to-AArch64/RV+RWC+addr+fence.rw.rw.litmus
/opt/litmus-tests-riscv/tests/non-mixed-size/RELAX/Rfi/S+rfi-ctrl+ctrl-rfi-data.litmus
/opt/litmus-tests-riscv/tests/non-mixed-size/SAFE/IRIW+addr+ctrlfencei.litmus
/opt/litmus-tests-riscv/tests/non-mixed-size/SAFE/MP+fence.w.w+fence.rw.rw.litmus
/opt/litmus-tests-riscv/tests/to-AArch64/RV+WWC+fence.rw.rws.litmus
/opt/litmus-tests-riscv/tests/to-AArch64/RV+LB+fence.r.rw+ctrl.litmus
/opt/litmus-tests-riscv/tests/to-AArch64/RV+ISA14.litmus
/opt/litmus-tests-riscv/tests/non-mixed-size/SAFE/3.LB+fence.r.rws.litmus
/opt/litmus-tests-riscv/tests/non-mixed-size/RELAX/Rfi/MP+fence.w.w+addr-rfi.litmus
/opt/litmus-tests-riscv/tests/to-AArch64/RV+LB+ctrl-rfi-data+ctrlfencei-rfi-ctrlfencei.litmus
/opt/litmus-tests-riscv/tests/non-mixed-size/SF_THESIS/CO/WRR+2W+poss.litmus
/opt/litmus-tests-riscv/tests/to-AArch64/RV+LB+data+ctrl-wsi-rfi-addr.litmus
/opt/litmus-tests-riscv/tests/non-mixed-size/RELAX/Fri-Rfi/MP+fence.rw.rw+fri-rfi-addr-fri-rfi.litmus
/opt/litmus-tests-riscv/tests/non-mixed-size/ATOMICS/CO/RWC+fence.rw.rws+posxp.litmus
/opt/litmus-tests-riscv/tests/non-mixed-size/SAFE/WRW+WR+data+fence.rw.rw.litmus
/opt/litmus-tests-riscv/tests/non-mixed-size/SF_THESIS/BASIC/3.LB+addr+data+data.litmus
/opt/litmus-tests-riscv/tests/to-AArch64/RV+S+fence.rw.rw+ctrl.litmus
/opt/litmus-tests-riscv/tests/non-mixed-size/RELAX/Rfi/S+rfi-data+ctrl-rfi-addr.litmus
/opt/litmus-tests-riscv/tests/non-mixed-size/RELAX/Rfi/MP+pos-rfi-ctrlfencei+ctrlfencei-rfi-ctrlfencei.litmus
/opt/litmus-tests-riscv/tests/to-AArch64/RV+2+2W+fence.w.w+rfi-ctrlfencei.litmus
/opt/litmus-tests-riscv/tests/non-mixed-size/SF_THESIS/BASIC/ISA2+fence.rw.rw+ctrl+ctrlfencei.litmus
/opt/litmus-tests-riscv/tests/non-mixed-size/SF_THESIS/BASIC/3.LB+ctrlfencei+po+po.litmus
/opt/litmus-tests-riscv/tests/non-mixed-size/SAFE/3.LB+fence.rw.w+data+ctrlfencei.litmus
/opt/litmus-tests-riscv/tests/non-mixed-size/SF_THESIS/BASIC/WRC+ctrlfencei+fence.rw.rw.litmus
